Component: ARM Compiler 5.06 update 7 (build 960) Tool: armlink [4d3601]

==============================================================================

Section Cross References

    startup_stm32f10x_hd.o(RESET) refers to startup_stm32f10x_hd.o(STACK) for __initial_sp
    startup_stm32f10x_hd.o(RESET) refers to startup_stm32f10x_hd.o(.text) for Reset_Handler
    startup_stm32f10x_hd.o(RESET) refers to port.o(.emb_text) for SVC_Handler
    startup_stm32f10x_hd.o(RESET) refers to stm32f10x_it.o(.text) for SysTick_Handler
    startup_stm32f10x_hd.o(.text) refers to system_stm32f10x.o(.text) for SystemInit
    startup_stm32f10x_hd.o(.text) refers to entry.o(.ARM.Collect$$$$00000000) for __main
    system_stm32f10x.o(.text) refers to system_stm32f10x.o(.data) for .data
    stm32f10x_adc.o(.text) refers to stm32f10x_rcc.o(.text) for RCC_APB2PeriphResetCmd
    stm32f10x_bkp.o(.text) refers to stm32f10x_rcc.o(.text) for RCC_BackupResetCmd
    stm32f10x_can.o(.text) refers to stm32f10x_rcc.o(.text) for RCC_APB1PeriphResetCmd
    stm32f10x_cec.o(.text) refers to stm32f10x_rcc.o(.text) for RCC_APB1PeriphResetCmd
    stm32f10x_dac.o(.text) refers to stm32f10x_rcc.o(.text) for RCC_APB1PeriphResetCmd
    stm32f10x_gpio.o(.text) refers to stm32f10x_rcc.o(.text) for RCC_APB2PeriphResetCmd
    stm32f10x_i2c.o(.text) refers to stm32f10x_rcc.o(.text) for RCC_APB1PeriphResetCmd
    stm32f10x_pwr.o(.text) refers to stm32f10x_rcc.o(.text) for RCC_APB1PeriphResetCmd
    stm32f10x_rcc.o(.text) refers to stm32f10x_rcc.o(.data) for .data
    stm32f10x_spi.o(.text) refers to stm32f10x_rcc.o(.text) for RCC_APB2PeriphResetCmd
    stm32f10x_tim.o(.text) refers to stm32f10x_rcc.o(.text) for RCC_APB1PeriphResetCmd
    stm32f10x_usart.o(.text) refers to stm32f10x_rcc.o(.text) for RCC_APB2PeriphResetCmd
    stm32f10x_wwdg.o(.text) refers to stm32f10x_rcc.o(.text) for RCC_APB1PeriphResetCmd
    main.o(.text) refers to stm32f10x_usart.o(.text) for USART_SendData
    main.o(.text) refers to queue.o(.text) for xQueueGenericReceive
    main.o(.text) refers to bsp_esp8266_1.o(.text) for USART_printf
    main.o(.text) refers to memseta.o(.text) for __aeabi_memclr
    main.o(.text) refers to port.o(.text) for vPortEnterCritical
    main.o(.text) refers to printf3.o(i.__0printf$3) for __2printf
    main.o(.text) refers to tasks.o(.text) for xTaskCreate
    main.o(.text) refers to misc.o(.text) for NVIC_PriorityGroupConfig
    main.o(.text) refers to bsp_led.o(.text) for LED_GPIO_Config
    main.o(.text) refers to bsp_usart.o(.text) for USARTx_DMA_Config
    main.o(.text) refers to bsp_esp8266_test.o(.text) for ESP8266_StaTcpClient_Unvarnish_ConfigTest
    main.o(.text) refers to bsp_esp8266_1.o(.bss) for strEsp8266_Fram_Record
    main.o(.text) refers to main.o(.data) for .data
    main.o(.text) refers to bsp_usart.o(.bss) for Usart_Rx_Buf
    stm32f10x_it.o(.text) refers to tasks.o(.text) for xTaskGetSchedulerState
    stm32f10x_it.o(.text) refers to port.o(.text) for xPortSysTickHandler
    stm32f10x_it.o(.text) refers to stm32f10x_usart.o(.text) for USART_GetITStatus
    stm32f10x_it.o(.text) refers to bsp_usart.o(.text) for Uart_DMA_Rx_Data
    stm32f10x_it.o(.text) refers to strstr.o(.text) for strstr
    stm32f10x_it.o(.text) refers to bsp_esp8266_1.o(.bss) for strEsp8266_Fram_Record
    stm32f10x_it.o(.text) refers to bsp_esp8266_test.o(.data) for ucTcpClosedFlag
    bsp_led.o(.text) refers to stm32f10x_rcc.o(.text) for RCC_APB2PeriphClockCmd
    bsp_led.o(.text) refers to stm32f10x_gpio.o(.text) for GPIO_Init
    bsp_usart.o(.text) refers to stm32f10x_rcc.o(.text) for RCC_APB2PeriphClockCmd
    bsp_usart.o(.text) refers to stm32f10x_gpio.o(.text) for GPIO_Init
    bsp_usart.o(.text) refers to stm32f10x_usart.o(.text) for USART_Init
    bsp_usart.o(.text) refers to misc.o(.text) for NVIC_Init
    bsp_usart.o(.text) refers to stm32f10x_dma.o(.text) for DMA_Init
    bsp_usart.o(.text) refers to queue.o(.text) for xQueueGiveFromISR
    bsp_usart.o(.text) refers to bsp_usart.o(.bss) for .bss
    bsp_usart.o(.text) refers to main.o(.data) for BinarySem_Handle
    bsp_key.o(.text) refers to stm32f10x_rcc.o(.text) for RCC_APB2PeriphClockCmd
    bsp_key.o(.text) refers to stm32f10x_gpio.o(.text) for GPIO_Init
    bsp_esp8266_1.o(.text) refers to stm32f10x_rcc.o(.text) for RCC_APB2PeriphClockCmd
    bsp_esp8266_1.o(.text) refers to stm32f10x_gpio.o(.text) for GPIO_Init
    bsp_esp8266_1.o(.text) refers to stm32f10x_usart.o(.text) for USART_SendData
    bsp_esp8266_1.o(.text) refers to printf3.o(i.__0printf$3) for __2printf
    bsp_esp8266_1.o(.text) refers to strstr.o(.text) for strstr
    bsp_esp8266_1.o(.text) refers to printf3.o(i.__0sprintf$3) for __2sprintf
    bsp_esp8266_1.o(.text) refers to memseta.o(.text) for __aeabi_memclr4
    bsp_esp8266_1.o(.text) refers to bsp_esp8266_1.o(.bss) for .bss
    bsp_esp8266_1.o(.text) refers to misc.o(.text) for NVIC_Init
    bsp_esp8266_test.o(.text) refers to strstr.o(.text) for strstr
    bsp_esp8266_test.o(.text) refers to printf3.o(i.__0printf$3) for __2printf
    bsp_esp8266_test.o(.text) refers to stm32f10x_gpio.o(.text) for GPIO_SetBits
    bsp_esp8266_test.o(.text) refers to bsp_esp8266_1.o(.text) for ESP8266_AT_Test
    bsp_esp8266_test.o(.text) refers to stm32f10x_usart.o(.text) for USART_SendData
    bsp_esp8266_test.o(.text) refers to bsp_esp8266_test.o(.data) for .data
    bsp_esp8266_test.o(.text) refers to bsp_esp8266_1.o(.bss) for strUSART_Fram_Record
    bsp_esp8266_test.o(.text) refers to bsp_esp8266_1.o(.bss) for strEsp8266_Fram_Record
    bsp_esp8266_test.o(.data) refers to bsp_esp8266_test.o(.conststring) for .conststring
    event_groups.o(.text) refers to heap_4.o(.text) for pvPortMalloc
    event_groups.o(.text) refers to list.o(.text) for vListInitialise
    event_groups.o(.text) refers to printf3.o(i.__0printf$3) for __2printf
    event_groups.o(.text) refers to tasks.o(.text) for vTaskSuspendAll
    event_groups.o(.text) refers to port.o(.text) for vPortEnterCritical
    queue.o(.text) refers to printf3.o(i.__0printf$3) for __2printf
    queue.o(.text) refers to port.o(.text) for vPortEnterCritical
    queue.o(.text) refers to list.o(.text) for vListInitialise
    queue.o(.text) refers to tasks.o(.text) for xTaskRemoveFromEventList
    queue.o(.text) refers to heap_4.o(.text) for pvPortMalloc
    queue.o(.text) refers to memcpya.o(.text) for __aeabi_memcpy
    queue.o(.text) refers to queue.o(.bss) for .bss
    tasks.o(.text) refers to port.o(.text) for vPortEnterCritical
    tasks.o(.text) refers to list.o(.text) for vListInitialise
    tasks.o(.text) refers to heap_4.o(.text) for pvPortMalloc
    tasks.o(.text) refers to printf3.o(i.__0printf$3) for __2printf
    tasks.o(.text) refers to tasks.o(.data) for .data
    tasks.o(.text) refers to tasks.o(.bss) for .bss
    heap_4.o(.text) refers to tasks.o(.text) for vTaskSuspendAll
    heap_4.o(.text) refers to printf3.o(i.__0printf$3) for __2printf
    heap_4.o(.text) refers to heap_4.o(.data) for .data
    heap_4.o(.text) refers to heap_4.o(.bss) for .bss
    port.o(.emb_text) refers to tasks.o(.text) for vTaskSwitchContext
    port.o(.emb_text) refers to tasks.o(.data) for pxCurrentTCB
    port.o(.text) refers to printf3.o(i.__0printf$3) for __2printf
    port.o(.text) refers to port.o(.emb_text) for __asm___6_port_c_39a90d8d__prvStartFirstTask
    port.o(.text) refers to tasks.o(.text) for xTaskIncrementTick
    port.o(.text) refers to port.o(.data) for .data
    port.o(.text) refers to system_stm32f10x.o(.data) for SystemCoreClock
    entry.o(.ARM.Collect$$$$00000000) refers (Special) to entry10a.o(.ARM.Collect$$$$0000000F) for __rt_final_cpp
    entry.o(.ARM.Collect$$$$00000000) refers (Special) to entry11a.o(.ARM.Collect$$$$00000011) for __rt_final_exit
    entry.o(.ARM.Collect$$$$00000000) refers (Special) to entry12b.o(.ARM.Collect$$$$0000000E) for __rt_lib_shutdown_fini
    entry.o(.ARM.Collect$$$$00000000) refers (Special) to entry7b.o(.ARM.Collect$$$$00000008) for _main_clock
    entry.o(.ARM.Collect$$$$00000000) refers (Special) to entry8b.o(.ARM.Collect$$$$0000000A) for _main_cpp_init
    entry.o(.ARM.Collect$$$$00000000) refers (Special) to entry9a.o(.ARM.Collect$$$$0000000B) for _main_init
    entry.o(.ARM.Collect$$$$00000000) refers (Special) to entry5.o(.ARM.Collect$$$$00000004) for _main_scatterload
    entry.o(.ARM.Collect$$$$00000000) refers (Special) to entry2.o(.ARM.Collect$$$$00000001) for _main_stk
    printfb.o(i.__0fprintf$bare) refers to printfb.o(i._printf_core) for _printf_core
    printfb.o(i.__0fprintf$bare) refers to bsp_usart.o(.text) for fputc
    printfb.o(i.__0printf$bare) refers to printfb.o(i._printf_core) for _printf_core
    printfb.o(i.__0printf$bare) refers to bsp_usart.o(.text) for fputc
    printfb.o(i.__0printf$bare) refers to stdout.o(.data) for __stdout
    printfb.o(i.__0snprintf$bare) refers to printfb.o(i._printf_core) for _printf_core
    printfb.o(i.__0snprintf$bare) refers to printfb.o(i._snputc) for _snputc
    printfb.o(i.__0sprintf$bare) refers to printfb.o(i._printf_core) for _printf_core
    printfb.o(i.__0sprintf$bare) refers to printfb.o(i._sputc) for _sputc
    printfb.o(i.__0vfprintf$bare) refers to printfb.o(i._printf_core) for _printf_core
    printfb.o(i.__0vfprintf$bare) refers to bsp_usart.o(.text) for fputc
    printfb.o(i.__0vprintf$bare) refers to printfb.o(i._printf_core) for _printf_core
    printfb.o(i.__0vprintf$bare) refers to bsp_usart.o(.text) for fputc
    printfb.o(i.__0vprintf$bare) refers to stdout.o(.data) for __stdout
    printfb.o(i.__0vsnprintf$bare) refers to printfb.o(i._printf_core) for _printf_core
    printfb.o(i.__0vsnprintf$bare) refers to printfb.o(i._snputc) for _snputc
    printfb.o(i.__0vsprintf$bare) refers to printfb.o(i._printf_core) for _printf_core
    printfb.o(i.__0vsprintf$bare) refers to printfb.o(i._sputc) for _sputc
    printf0.o(i.__0fprintf$0) refers to printf0.o(i._printf_core) for _printf_core
    printf0.o(i.__0fprintf$0) refers to bsp_usart.o(.text) for fputc
    printf0.o(i.__0printf$0) refers to printf0.o(i._printf_core) for _printf_core
    printf0.o(i.__0printf$0) refers to bsp_usart.o(.text) for fputc
    printf0.o(i.__0printf$0) refers to stdout.o(.data) for __stdout
    printf0.o(i.__0snprintf$0) refers to printf0.o(i._printf_core) for _printf_core
    printf0.o(i.__0snprintf$0) refers to printf0.o(i._snputc) for _snputc
    printf0.o(i.__0sprintf$0) refers to printf0.o(i._printf_core) for _printf_core
    printf0.o(i.__0sprintf$0) refers to printf0.o(i._sputc) for _sputc
    printf0.o(i.__0vfprintf$0) refers to printf0.o(i._printf_core) for _printf_core
    printf0.o(i.__0vfprintf$0) refers to bsp_usart.o(.text) for fputc
    printf0.o(i.__0vprintf$0) refers to printf0.o(i._printf_core) for _printf_core
    printf0.o(i.__0vprintf$0) refers to bsp_usart.o(.text) for fputc
    printf0.o(i.__0vprintf$0) refers to stdout.o(.data) for __stdout
    printf0.o(i.__0vsnprintf$0) refers to printf0.o(i._printf_core) for _printf_core
    printf0.o(i.__0vsnprintf$0) refers to printf0.o(i._snputc) for _snputc
    printf0.o(i.__0vsprintf$0) refers to printf0.o(i._printf_core) for _printf_core
    printf0.o(i.__0vsprintf$0) refers to printf0.o(i._sputc) for _sputc
    printf1.o(i.__0fprintf$1) refers to printf1.o(i._printf_core) for _printf_core
    printf1.o(i.__0fprintf$1) refers to bsp_usart.o(.text) for fputc
    printf1.o(i.__0printf$1) refers to printf1.o(i._printf_core) for _printf_core
    printf1.o(i.__0printf$1) refers to bsp_usart.o(.text) for fputc
    printf1.o(i.__0printf$1) refers to stdout.o(.data) for __stdout
    printf1.o(i.__0snprintf$1) refers to printf1.o(i._printf_core) for _printf_core
    printf1.o(i.__0snprintf$1) refers to printf1.o(i._snputc) for _snputc
    printf1.o(i.__0sprintf$1) refers to printf1.o(i._printf_core) for _printf_core
    printf1.o(i.__0sprintf$1) refers to printf1.o(i._sputc) for _sputc
    printf1.o(i.__0vfprintf$1) refers to printf1.o(i._printf_core) for _printf_core
    printf1.o(i.__0vfprintf$1) refers to bsp_usart.o(.text) for fputc
    printf1.o(i.__0vprintf$1) refers to printf1.o(i._printf_core) for _printf_core
    printf1.o(i.__0vprintf$1) refers to bsp_usart.o(.text) for fputc
    printf1.o(i.__0vprintf$1) refers to stdout.o(.data) for __stdout
    printf1.o(i.__0vsnprintf$1) refers to printf1.o(i._printf_core) for _printf_core
    printf1.o(i.__0vsnprintf$1) refers to printf1.o(i._snputc) for _snputc
    printf1.o(i.__0vsprintf$1) refers to printf1.o(i._printf_core) for _printf_core
    printf1.o(i.__0vsprintf$1) refers to printf1.o(i._sputc) for _sputc
    printf1.o(i._printf_core) refers to uidiv.o(.text) for __aeabi_uidivmod
    printf2.o(i.__0fprintf$2) refers to printf2.o(i._printf_core) for _printf_core
    printf2.o(i.__0fprintf$2) refers to bsp_usart.o(.text) for fputc
    printf2.o(i.__0printf$2) refers to printf2.o(i._printf_core) for _printf_core
    printf2.o(i.__0printf$2) refers to bsp_usart.o(.text) for fputc
    printf2.o(i.__0printf$2) refers to stdout.o(.data) for __stdout
    printf2.o(i.__0snprintf$2) refers to printf2.o(i._printf_core) for _printf_core
    printf2.o(i.__0snprintf$2) refers to printf2.o(i._snputc) for _snputc
    printf2.o(i.__0sprintf$2) refers to printf2.o(i._printf_core) for _printf_core
    printf2.o(i.__0sprintf$2) refers to printf2.o(i._sputc) for _sputc
    printf2.o(i.__0vfprintf$2) refers to printf2.o(i._printf_core) for _printf_core
    printf2.o(i.__0vfprintf$2) refers to bsp_usart.o(.text) for fputc
    printf2.o(i.__0vprintf$2) refers to printf2.o(i._printf_core) for _printf_core
    printf2.o(i.__0vprintf$2) refers to bsp_usart.o(.text) for fputc
    printf2.o(i.__0vprintf$2) refers to stdout.o(.data) for __stdout
    printf2.o(i.__0vsnprintf$2) refers to printf2.o(i._printf_core) for _printf_core
    printf2.o(i.__0vsnprintf$2) refers to printf2.o(i._snputc) for _snputc
    printf2.o(i.__0vsprintf$2) refers to printf2.o(i._printf_core) for _printf_core
    printf2.o(i.__0vsprintf$2) refers to printf2.o(i._sputc) for _sputc
    printf3.o(i.__0fprintf$3) refers to printf3.o(i._printf_core) for _printf_core
    printf3.o(i.__0fprintf$3) refers to bsp_usart.o(.text) for fputc
    printf3.o(i.__0printf$3) refers to printf3.o(i._printf_core) for _printf_core
    printf3.o(i.__0printf$3) refers to bsp_usart.o(.text) for fputc
    printf3.o(i.__0printf$3) refers to stdout.o(.data) for __stdout
    printf3.o(i.__0snprintf$3) refers to printf3.o(i._printf_core) for _printf_core
    printf3.o(i.__0snprintf$3) refers to printf3.o(i._snputc) for _snputc
    printf3.o(i.__0sprintf$3) refers to printf3.o(i._printf_core) for _printf_core
    printf3.o(i.__0sprintf$3) refers to printf3.o(i._sputc) for _sputc
    printf3.o(i.__0vfprintf$3) refers to printf3.o(i._printf_core) for _printf_core
    printf3.o(i.__0vfprintf$3) refers to bsp_usart.o(.text) for fputc
    printf3.o(i.__0vprintf$3) refers to printf3.o(i._printf_core) for _printf_core
    printf3.o(i.__0vprintf$3) refers to bsp_usart.o(.text) for fputc
    printf3.o(i.__0vprintf$3) refers to stdout.o(.data) for __stdout
    printf3.o(i.__0vsnprintf$3) refers to printf3.o(i._printf_core) for _printf_core
    printf3.o(i.__0vsnprintf$3) refers to printf3.o(i._snputc) for _snputc
    printf3.o(i.__0vsprintf$3) refers to printf3.o(i._printf_core) for _printf_core
    printf3.o(i.__0vsprintf$3) refers to printf3.o(i._sputc) for _sputc
    printf3.o(i._printf_core) refers to uidiv.o(.text) for __aeabi_uidivmod
    printf4.o(i.__0fprintf$4) refers to printf4.o(i._printf_core) for _printf_core
    printf4.o(i.__0fprintf$4) refers to bsp_usart.o(.text) for fputc
    printf4.o(i.__0printf$4) refers to printf4.o(i._printf_core) for _printf_core
    printf4.o(i.__0printf$4) refers to bsp_usart.o(.text) for fputc
    printf4.o(i.__0printf$4) refers to stdout.o(.data) for __stdout
    printf4.o(i.__0snprintf$4) refers to printf4.o(i._printf_core) for _printf_core
    printf4.o(i.__0snprintf$4) refers to printf4.o(i._snputc) for _snputc
    printf4.o(i.__0sprintf$4) refers to printf4.o(i._printf_core) for _printf_core
    printf4.o(i.__0sprintf$4) refers to printf4.o(i._sputc) for _sputc
    printf4.o(i.__0vfprintf$4) refers to printf4.o(i._printf_core) for _printf_core
    printf4.o(i.__0vfprintf$4) refers to bsp_usart.o(.text) for fputc
    printf4.o(i.__0vprintf$4) refers to printf4.o(i._printf_core) for _printf_core
    printf4.o(i.__0vprintf$4) refers to bsp_usart.o(.text) for fputc
    printf4.o(i.__0vprintf$4) refers to stdout.o(.data) for __stdout
    printf4.o(i.__0vsnprintf$4) refers to printf4.o(i._printf_core) for _printf_core
    printf4.o(i.__0vsnprintf$4) refers to printf4.o(i._snputc) for _snputc
    printf4.o(i.__0vsprintf$4) refers to printf4.o(i._printf_core) for _printf_core
    printf4.o(i.__0vsprintf$4) refers to printf4.o(i._sputc) for _sputc
    printf4.o(i._printf_core) refers to uldiv.o(.text) for __aeabi_uldivmod
    printf5.o(i.__0fprintf$5) refers to printf5.o(i._printf_core) for _printf_core
    printf5.o(i.__0fprintf$5) refers to bsp_usart.o(.text) for fputc
    printf5.o(i.__0printf$5) refers to printf5.o(i._printf_core) for _printf_core
    printf5.o(i.__0printf$5) refers to bsp_usart.o(.text) for fputc
    printf5.o(i.__0printf$5) refers to stdout.o(.data) for __stdout
    printf5.o(i.__0snprintf$5) refers to printf5.o(i._printf_core) for _printf_core
    printf5.o(i.__0snprintf$5) refers to printf5.o(i._snputc) for _snputc
    printf5.o(i.__0sprintf$5) refers to printf5.o(i._printf_core) for _printf_core
    printf5.o(i.__0sprintf$5) refers to printf5.o(i._sputc) for _sputc
    printf5.o(i.__0vfprintf$5) refers to printf5.o(i._printf_core) for _printf_core
    printf5.o(i.__0vfprintf$5) refers to bsp_usart.o(.text) for fputc
    printf5.o(i.__0vprintf$5) refers to printf5.o(i._printf_core) for _printf_core
    printf5.o(i.__0vprintf$5) refers to bsp_usart.o(.text) for fputc
    printf5.o(i.__0vprintf$5) refers to stdout.o(.data) for __stdout
    printf5.o(i.__0vsnprintf$5) refers to printf5.o(i._printf_core) for _printf_core
    printf5.o(i.__0vsnprintf$5) refers to printf5.o(i._snputc) for _snputc
    printf5.o(i.__0vsprintf$5) refers to printf5.o(i._printf_core) for _printf_core
    printf5.o(i.__0vsprintf$5) refers to printf5.o(i._sputc) for _sputc
    printf5.o(i._printf_core) refers to uldiv.o(.text) for __aeabi_uldivmod
    printf6.o(i.__0fprintf$6) refers to printf6.o(i._printf_core) for _printf_core
    printf6.o(i.__0fprintf$6) refers to bsp_usart.o(.text) for fputc
    printf6.o(i.__0printf$6) refers to printf6.o(i._printf_core) for _printf_core
    printf6.o(i.__0printf$6) refers to bsp_usart.o(.text) for fputc
    printf6.o(i.__0printf$6) refers to stdout.o(.data) for __stdout
    printf6.o(i.__0snprintf$6) refers to printf6.o(i._printf_core) for _printf_core
    printf6.o(i.__0snprintf$6) refers to printf6.o(i._snputc) for _snputc
    printf6.o(i.__0sprintf$6) refers to printf6.o(i._printf_core) for _printf_core
    printf6.o(i.__0sprintf$6) refers to printf6.o(i._sputc) for _sputc
    printf6.o(i.__0vfprintf$6) refers to printf6.o(i._printf_core) for _printf_core
    printf6.o(i.__0vfprintf$6) refers to bsp_usart.o(.text) for fputc
    printf6.o(i.__0vprintf$6) refers to printf6.o(i._printf_core) for _printf_core
    printf6.o(i.__0vprintf$6) refers to bsp_usart.o(.text) for fputc
    printf6.o(i.__0vprintf$6) refers to stdout.o(.data) for __stdout
    printf6.o(i.__0vsnprintf$6) refers to printf6.o(i._printf_core) for _printf_core
    printf6.o(i.__0vsnprintf$6) refers to printf6.o(i._snputc) for _snputc
    printf6.o(i.__0vsprintf$6) refers to printf6.o(i._printf_core) for _printf_core
    printf6.o(i.__0vsprintf$6) refers to printf6.o(i._sputc) for _sputc
    printf6.o(i._printf_core) refers to printf6.o(i._printf_pre_padding) for _printf_pre_padding
    printf6.o(i._printf_core) refers to uidiv.o(.text) for __aeabi_uidivmod
    printf6.o(i._printf_core) refers to printf6.o(i._printf_post_padding) for _printf_post_padding
    printf7.o(i.__0fprintf$7) refers to printf7.o(i._printf_core) for _printf_core
    printf7.o(i.__0fprintf$7) refers to bsp_usart.o(.text) for fputc
    printf7.o(i.__0printf$7) refers to printf7.o(i._printf_core) for _printf_core
    printf7.o(i.__0printf$7) refers to bsp_usart.o(.text) for fputc
    printf7.o(i.__0printf$7) refers to stdout.o(.data) for __stdout
    printf7.o(i.__0snprintf$7) refers to printf7.o(i._printf_core) for _printf_core
    printf7.o(i.__0snprintf$7) refers to printf7.o(i._snputc) for _snputc
    printf7.o(i.__0sprintf$7) refers to printf7.o(i._printf_core) for _printf_core
    printf7.o(i.__0sprintf$7) refers to printf7.o(i._sputc) for _sputc
    printf7.o(i.__0vfprintf$7) refers to printf7.o(i._printf_core) for _printf_core
    printf7.o(i.__0vfprintf$7) refers to bsp_usart.o(.text) for fputc
    printf7.o(i.__0vprintf$7) refers to printf7.o(i._printf_core) for _printf_core
    printf7.o(i.__0vprintf$7) refers to bsp_usart.o(.text) for fputc
    printf7.o(i.__0vprintf$7) refers to stdout.o(.data) for __stdout
    printf7.o(i.__0vsnprintf$7) refers to printf7.o(i._printf_core) for _printf_core
    printf7.o(i.__0vsnprintf$7) refers to printf7.o(i._snputc) for _snputc
    printf7.o(i.__0vsprintf$7) refers to printf7.o(i._printf_core) for _printf_core
    printf7.o(i.__0vsprintf$7) refers to printf7.o(i._sputc) for _sputc
    printf7.o(i._printf_core) refers to printf7.o(i._printf_pre_padding) for _printf_pre_padding
    printf7.o(i._printf_core) refers to uldiv.o(.text) for __aeabi_uldivmod
    printf7.o(i._printf_core) refers to printf7.o(i._printf_post_padding) for _printf_post_padding
    printf8.o(i.__0fprintf$8) refers to printf8.o(i._printf_core) for _printf_core
    printf8.o(i.__0fprintf$8) refers to bsp_usart.o(.text) for fputc
    printf8.o(i.__0printf$8) refers to printf8.o(i._printf_core) for _printf_core
    printf8.o(i.__0printf$8) refers to bsp_usart.o(.text) for fputc
    printf8.o(i.__0printf$8) refers to stdout.o(.data) for __stdout
    printf8.o(i.__0snprintf$8) refers to printf8.o(i._printf_core) for _printf_core
    printf8.o(i.__0snprintf$8) refers to printf8.o(i._snputc) for _snputc
    printf8.o(i.__0sprintf$8) refers to printf8.o(i._printf_core) for _printf_core
    printf8.o(i.__0sprintf$8) refers to printf8.o(i._sputc) for _sputc
    printf8.o(i.__0vfprintf$8) refers to printf8.o(i._printf_core) for _printf_core
    printf8.o(i.__0vfprintf$8) refers to bsp_usart.o(.text) for fputc
    printf8.o(i.__0vprintf$8) refers to printf8.o(i._printf_core) for _printf_core
    printf8.o(i.__0vprintf$8) refers to bsp_usart.o(.text) for fputc
    printf8.o(i.__0vprintf$8) refers to stdout.o(.data) for __stdout
    printf8.o(i.__0vsnprintf$8) refers to printf8.o(i._printf_core) for _printf_core
    printf8.o(i.__0vsnprintf$8) refers to printf8.o(i._snputc) for _snputc
    printf8.o(i.__0vsprintf$8) refers to printf8.o(i._printf_core) for _printf_core
    printf8.o(i.__0vsprintf$8) refers to printf8.o(i._sputc) for _sputc
    printf8.o(i._printf_core) refers to printf8.o(i._printf_pre_padding) for _printf_pre_padding
    printf8.o(i._printf_core) refers to uldiv.o(.text) for __aeabi_uldivmod
    printf8.o(i._printf_core) refers to printf8.o(i._printf_post_padding) for _printf_post_padding
    printfa.o(i.__0fprintf) refers (Special) to iusefp.o(.text) for __I$use$fp
    printfa.o(i.__0fprintf) refers to printfa.o(i._printf_core) for _printf_core
    printfa.o(i.__0fprintf) refers to bsp_usart.o(.text) for fputc
    printfa.o(i.__0printf) refers (Special) to iusefp.o(.text) for __I$use$fp
    printfa.o(i.__0printf) refers to printfa.o(i._printf_core) for _printf_core
    printfa.o(i.__0printf) refers to bsp_usart.o(.text) for fputc
    printfa.o(i.__0printf) refers to stdout.o(.data) for __stdout
    printfa.o(i.__0snprintf) refers (Special) to iusefp.o(.text) for __I$use$fp
    printfa.o(i.__0snprintf) refers to printfa.o(i._printf_core) for _printf_core
    printfa.o(i.__0snprintf) refers to printfa.o(i._snputc) for _snputc
    printfa.o(i.__0sprintf) refers (Special) to iusefp.o(.text) for __I$use$fp
    printfa.o(i.__0sprintf) refers to printfa.o(i._printf_core) for _printf_core
    printfa.o(i.__0sprintf) refers to printfa.o(i._sputc) for _sputc
    printfa.o(i.__0vfprintf) refers (Special) to iusefp.o(.text) for __I$use$fp
    printfa.o(i.__0vfprintf) refers to printfa.o(i._printf_core) for _printf_core
    printfa.o(i.__0vfprintf) refers to bsp_usart.o(.text) for fputc
    printfa.o(i.__0vprintf) refers (Special) to iusefp.o(.text) for __I$use$fp
    printfa.o(i.__0vprintf) refers to printfa.o(i._printf_core) for _printf_core
    printfa.o(i.__0vprintf) refers to bsp_usart.o(.text) for fputc
    printfa.o(i.__0vprintf) refers to stdout.o(.data) for __stdout
    printfa.o(i.__0vsnprintf) refers (Special) to iusefp.o(.text) for __I$use$fp
    printfa.o(i.__0vsnprintf) refers to printfa.o(i._printf_core) for _printf_core
    printfa.o(i.__0vsnprintf) refers to printfa.o(i._snputc) for _snputc
    printfa.o(i.__0vsprintf) refers (Special) to iusefp.o(.text) for __I$use$fp
    printfa.o(i.__0vsprintf) refers to printfa.o(i._printf_core) for _printf_core
    printfa.o(i.__0vsprintf) refers to printfa.o(i._sputc) for _sputc
    printfa.o(i._fp_digits) refers (Special) to iusefp.o(.text) for __I$use$fp
    printfa.o(i._fp_digits) refers to dmul.o(.text) for __aeabi_dmul
    printfa.o(i._fp_digits) refers to ddiv.o(.text) for __aeabi_ddiv
    printfa.o(i._fp_digits) refers to cdrcmple.o(.text) for __aeabi_cdrcmple
    printfa.o(i._fp_digits) refers to dadd.o(.text) for __aeabi_dadd
    printfa.o(i._fp_digits) refers to dfixul.o(.text) for __aeabi_d2ulz
    printfa.o(i._fp_digits) refers to uldiv.o(.text) for __aeabi_uldivmod
    printfa.o(i._printf_core) refers (Special) to iusefp.o(.text) for __I$use$fp
    printfa.o(i._printf_core) refers to printfa.o(i._printf_pre_padding) for _printf_pre_padding
    printfa.o(i._printf_core) refers to uldiv.o(.text) for __aeabi_uldivmod
    printfa.o(i._printf_core) refers to printfa.o(i._printf_post_padding) for _printf_post_padding
    printfa.o(i._printf_core) refers to printfa.o(i._fp_digits) for _fp_digits
    printfa.o(i._printf_core) refers to uidiv.o(.text) for __aeabi_uidivmod
    printfa.o(i._printf_post_padding) refers (Special) to iusefp.o(.text) for __I$use$fp
    printfa.o(i._printf_pre_padding) refers (Special) to iusefp.o(.text) for __I$use$fp
    printfa.o(i._snputc) refers (Special) to iusefp.o(.text) for __I$use$fp
    printfa.o(i._sputc) refers (Special) to iusefp.o(.text) for __I$use$fp
    entry2.o(.ARM.Collect$$$$00000001) refers to entry2.o(.ARM.Collect$$$$00002712) for __lit__00000000
    entry2.o(.ARM.Collect$$$$00002712) refers to startup_stm32f10x_hd.o(STACK) for __initial_sp
    entry2.o(__vectab_stack_and_reset_area) refers to startup_stm32f10x_hd.o(STACK) for __initial_sp
    entry2.o(__vectab_stack_and_reset_area) refers to entry.o(.ARM.Collect$$$$00000000) for __main
    entry5.o(.ARM.Collect$$$$00000004) refers to init.o(.text) for __scatterload
    entry9a.o(.ARM.Collect$$$$0000000B) refers to main.o(.text) for main
    entry9b.o(.ARM.Collect$$$$0000000C) refers to main.o(.text) for main
    uldiv.o(.text) refers to llushr.o(.text) for __aeabi_llsr
    uldiv.o(.text) refers to llshl.o(.text) for __aeabi_llsl
    dadd.o(.text) refers to llshl.o(.text) for __aeabi_llsl
    dadd.o(.text) refers to llsshr.o(.text) for __aeabi_lasr
    dadd.o(.text) refers to depilogue.o(.text) for _double_epilogue
    dmul.o(.text) refers to depilogue.o(.text) for _double_epilogue
    ddiv.o(.text) refers to depilogue.o(.text) for _double_round
    dfixul.o(.text) refers to llushr.o(.text) for __aeabi_llsr
    dfixul.o(.text) refers to llshl.o(.text) for __aeabi_llsl
    init.o(.text) refers to entry5.o(.ARM.Collect$$$$00000004) for __main_after_scatterload
    depilogue.o(.text) refers to llshl.o(.text) for __aeabi_llsl
    depilogue.o(.text) refers to llushr.o(.text) for __aeabi_llsr


==============================================================================

Removing Unused input sections from the image.

    Removing startup_stm32f10x_hd.o(HEAP), (512 bytes).
    Removing core_cm3.o(.emb_text), (32 bytes).
    Removing stm32f10x_adc.o(.text), (816 bytes).
    Removing stm32f10x_bkp.o(.text), (152 bytes).
    Removing stm32f10x_can.o(.text), (1824 bytes).
    Removing stm32f10x_cec.o(.text), (248 bytes).
    Removing stm32f10x_crc.o(.text), (64 bytes).
    Removing stm32f10x_dac.o(.text), (252 bytes).
    Removing stm32f10x_dbgmcu.o(.text), (40 bytes).
    Removing stm32f10x_exti.o(.text), (232 bytes).
    Removing stm32f10x_flash.o(.text), (1152 bytes).
    Removing stm32f10x_fsmc.o(.text), (1148 bytes).
    Removing stm32f10x_i2c.o(.text), (808 bytes).
    Removing stm32f10x_iwdg.o(.text), (60 bytes).
    Removing stm32f10x_pwr.o(.text), (172 bytes).
    Removing stm32f10x_rtc.o(.text), (272 bytes).
    Removing stm32f10x_sdio.o(.text), (428 bytes).
    Removing stm32f10x_spi.o(.text), (628 bytes).
    Removing stm32f10x_tim.o(.text), (2800 bytes).
    Removing stm32f10x_wwdg.o(.text), (124 bytes).
    Removing bsp_key.o(.text), (92 bytes).
    Removing event_groups.o(.text), (804 bytes).
    Removing dadd.o(.text), (334 bytes).
    Removing dmul.o(.text), (228 bytes).
    Removing ddiv.o(.text), (222 bytes).
    Removing dfixul.o(.text), (48 bytes).
    Removing cdrcmple.o(.text), (48 bytes).
    Removing depilogue.o(.text), (186 bytes).

28 unused section(s) (total 13726 bytes) removed from the image.

==============================================================================

Image Symbol Table

    Local Symbols

    Symbol Name                              Value     Ov Type        Size  Object(Section)

    ../clib/microlib/division.c              0x00000000   Number         0  uidiv.o ABSOLUTE
    ../clib/microlib/division.c              0x00000000   Number         0  uldiv.o ABSOLUTE
    ../clib/microlib/init/entry.s            0x00000000   Number         0  entry10b.o ABSOLUTE
    ../clib/microlib/init/entry.s            0x00000000   Number         0  entry5.o ABSOLUTE
    ../clib/microlib/init/entry.s            0x00000000   Number         0  entry2.o ABSOLUTE
    ../clib/microlib/init/entry.s            0x00000000   Number         0  entry12b.o ABSOLUTE
    ../clib/microlib/init/entry.s            0x00000000   Number         0  entry10a.o ABSOLUTE
    ../clib/microlib/init/entry.s            0x00000000   Number         0  entry.o ABSOLUTE
    ../clib/microlib/init/entry.s            0x00000000   Number         0  entry9b.o ABSOLUTE
    ../clib/microlib/init/entry.s            0x00000000   Number         0  entry12a.o ABSOLUTE
    ../clib/microlib/init/entry.s            0x00000000   Number         0  entry9a.o ABSOLUTE
    ../clib/microlib/init/entry.s            0x00000000   Number         0  entry8a.o ABSOLUTE
    ../clib/microlib/init/entry.s            0x00000000   Number         0  entry8b.o ABSOLUTE
    ../clib/microlib/init/entry.s            0x00000000   Number         0  entry11b.o ABSOLUTE
    ../clib/microlib/init/entry.s            0x00000000   Number         0  entry11a.o ABSOLUTE
    ../clib/microlib/init/entry.s            0x00000000   Number         0  entry7b.o ABSOLUTE
    ../clib/microlib/init/entry.s            0x00000000   Number         0  entry7a.o ABSOLUTE
    ../clib/microlib/longlong.c              0x00000000   Number         0  llushr.o ABSOLUTE
    ../clib/microlib/longlong.c              0x00000000   Number         0  llshl.o ABSOLUTE
    ../clib/microlib/longlong.c              0x00000000   Number         0  llsshr.o ABSOLUTE
    ../clib/microlib/printf/printf.c         0x00000000   Number         0  printf0.o ABSOLUTE
    ../clib/microlib/printf/printf.c         0x00000000   Number         0  printf1.o ABSOLUTE
    ../clib/microlib/printf/printf.c         0x00000000   Number         0  printfa.o ABSOLUTE
    ../clib/microlib/printf/printf.c         0x00000000   Number         0  printf3.o ABSOLUTE
    ../clib/microlib/printf/printf.c         0x00000000   Number         0  printf8.o ABSOLUTE
    ../clib/microlib/printf/printf.c         0x00000000   Number         0  printf7.o ABSOLUTE
    ../clib/microlib/printf/printf.c         0x00000000   Number         0  printf6.o ABSOLUTE
    ../clib/microlib/printf/printf.c         0x00000000   Number         0  printf5.o ABSOLUTE
    ../clib/microlib/printf/printf.c         0x00000000   Number         0  printf4.o ABSOLUTE
    ../clib/microlib/printf/printf.c         0x00000000   Number         0  printf2.o ABSOLUTE
    ../clib/microlib/printf/printf.c         0x00000000   Number         0  printfb.o ABSOLUTE
    ../clib/microlib/printf/stubs.s          0x00000000   Number         0  stubs.o ABSOLUTE
    ../clib/microlib/stdio/streams.c         0x00000000   Number         0  stdout.o ABSOLUTE
    ../clib/microlib/string/memcpy.c         0x00000000   Number         0  memcpyb.o ABSOLUTE
    ../clib/microlib/string/memcpy.c         0x00000000   Number         0  memcpya.o ABSOLUTE
    ../clib/microlib/string/memset.c         0x00000000   Number         0  memseta.o ABSOLUTE
    ../clib/microlib/string/strstr.c         0x00000000   Number         0  strstr.o ABSOLUTE
    ../clib/microlib/stubs.s                 0x00000000   Number         0  iusefp.o ABSOLUTE
    ../fplib/microlib/fpadd.c                0x00000000   Number         0  dadd.o ABSOLUTE
    ../fplib/microlib/fpdiv.c                0x00000000   Number         0  ddiv.o ABSOLUTE
    ../fplib/microlib/fpepilogue.c           0x00000000   Number         0  depilogue.o ABSOLUTE
    ../fplib/microlib/fpfix.c                0x00000000   Number         0  dfixul.o ABSOLUTE
    ../fplib/microlib/fpmul.c                0x00000000   Number         0  dmul.o ABSOLUTE
    ..\..\FreeRTOS\port\MemMang\heap_4.c     0x00000000   Number         0  heap_4.o ABSOLUTE
    ..\..\FreeRTOS\port\RVDS\ARM_CM3\port.c  0x00000000   Number         0  port.o ABSOLUTE
    ..\..\FreeRTOS\src\croutine.c            0x00000000   Number         0  croutine.o ABSOLUTE
    ..\..\FreeRTOS\src\event_groups.c        0x00000000   Number         0  event_groups.o ABSOLUTE
    ..\..\FreeRTOS\src\list.c                0x00000000   Number         0  list.o ABSOLUTE
    ..\..\FreeRTOS\src\queue.c               0x00000000   Number         0  queue.o ABSOLUTE
    ..\..\FreeRTOS\src\tasks.c               0x00000000   Number         0  tasks.o ABSOLUTE
    ..\..\FreeRTOS\src\timers.c              0x00000000   Number         0  timers.o ABSOLUTE
    ..\..\Libraries\CMSIS\core_cm3.c         0x00000000   Number         0  core_cm3.o ABSOLUTE
    ..\..\Libraries\CMSIS\startup\startup_stm32f10x_hd.s 0x00000000   Number         0  startup_stm32f10x_hd.o ABSOLUTE
    ..\..\Libraries\CMSIS\system_stm32f10x.c 0x00000000   Number         0  system_stm32f10x.o ABSOLUTE
    ..\..\Libraries\FWlib\src\misc.c         0x00000000   Number         0  misc.o ABSOLUTE
    ..\..\Libraries\FWlib\src\stm32f10x_adc.c 0x00000000   Number         0  stm32f10x_adc.o ABSOLUTE
    ..\..\Libraries\FWlib\src\stm32f10x_bkp.c 0x00000000   Number         0  stm32f10x_bkp.o ABSOLUTE
    ..\..\Libraries\FWlib\src\stm32f10x_can.c 0x00000000   Number         0  stm32f10x_can.o ABSOLUTE
    ..\..\Libraries\FWlib\src\stm32f10x_cec.c 0x00000000   Number         0  stm32f10x_cec.o ABSOLUTE
    ..\..\Libraries\FWlib\src\stm32f10x_crc.c 0x00000000   Number         0  stm32f10x_crc.o ABSOLUTE
    ..\..\Libraries\FWlib\src\stm32f10x_dac.c 0x00000000   Number         0  stm32f10x_dac.o ABSOLUTE
    ..\..\Libraries\FWlib\src\stm32f10x_dbgmcu.c 0x00000000   Number         0  stm32f10x_dbgmcu.o ABSOLUTE
    ..\..\Libraries\FWlib\src\stm32f10x_dma.c 0x00000000   Number         0  stm32f10x_dma.o ABSOLUTE
    ..\..\Libraries\FWlib\src\stm32f10x_exti.c 0x00000000   Number         0  stm32f10x_exti.o ABSOLUTE
    ..\..\Libraries\FWlib\src\stm32f10x_flash.c 0x00000000   Number         0  stm32f10x_flash.o ABSOLUTE
    ..\..\Libraries\FWlib\src\stm32f10x_fsmc.c 0x00000000   Number         0  stm32f10x_fsmc.o ABSOLUTE
    ..\..\Libraries\FWlib\src\stm32f10x_gpio.c 0x00000000   Number         0  stm32f10x_gpio.o ABSOLUTE
    ..\..\Libraries\FWlib\src\stm32f10x_i2c.c 0x00000000   Number         0  stm32f10x_i2c.o ABSOLUTE
    ..\..\Libraries\FWlib\src\stm32f10x_iwdg.c 0x00000000   Number         0  stm32f10x_iwdg.o ABSOLUTE
    ..\..\Libraries\FWlib\src\stm32f10x_pwr.c 0x00000000   Number         0  stm32f10x_pwr.o ABSOLUTE
    ..\..\Libraries\FWlib\src\stm32f10x_rcc.c 0x00000000   Number         0  stm32f10x_rcc.o ABSOLUTE
    ..\..\Libraries\FWlib\src\stm32f10x_rtc.c 0x00000000   Number         0  stm32f10x_rtc.o ABSOLUTE
    ..\..\Libraries\FWlib\src\stm32f10x_sdio.c 0x00000000   Number         0  stm32f10x_sdio.o ABSOLUTE
    ..\..\Libraries\FWlib\src\stm32f10x_spi.c 0x00000000   Number         0  stm32f10x_spi.o ABSOLUTE
    ..\..\Libraries\FWlib\src\stm32f10x_tim.c 0x00000000   Number         0  stm32f10x_tim.o ABSOLUTE
    ..\..\Libraries\FWlib\src\stm32f10x_usart.c 0x00000000   Number         0  stm32f10x_usart.o ABSOLUTE
    ..\..\Libraries\FWlib\src\stm32f10x_wwdg.c 0x00000000   Number         0  stm32f10x_wwdg.o ABSOLUTE
    ..\..\User\Led\bsp_led.c                 0x00000000   Number         0  bsp_led.o ABSOLUTE
    ..\..\User\esp8266\bsp_esp8266.c         0x00000000   Number         0  bsp_esp8266_1.o ABSOLUTE
    ..\..\User\esp8266\bsp_esp8266_test.c    0x00000000   Number         0  bsp_esp8266_test.o ABSOLUTE
    ..\..\User\key\bsp_key.c                 0x00000000   Number         0  bsp_key.o ABSOLUTE
    ..\..\User\main.c                        0x00000000   Number         0  main.o ABSOLUTE
    ..\..\User\stm32f10x_it.c                0x00000000   Number         0  stm32f10x_it.o ABSOLUTE
    ..\..\User\uart\bsp_usart.c              0x00000000   Number         0  bsp_usart.o ABSOLUTE
    ..\\..\\FreeRTOS\\port\\RVDS\\ARM_CM3\\port.c 0x00000000   Number         0  port.o ABSOLUTE
    ..\\..\\Libraries\\CMSIS\\core_cm3.c     0x00000000   Number         0  core_cm3.o ABSOLUTE
    cdrcmple.s                               0x00000000   Number         0  cdrcmple.o ABSOLUTE
    dc.s                                     0x00000000   Number         0  dc.o ABSOLUTE
    handlers.s                               0x00000000   Number         0  handlers.o ABSOLUTE
    init.s                                   0x00000000   Number         0  init.o ABSOLUTE
    RESET                                    0x08000000   Section      304  startup_stm32f10x_hd.o(RESET)
    .ARM.Collect$$$$00000000                 0x08000130   Section        0  entry.o(.ARM.Collect$$$$00000000)
    .ARM.Collect$$$$00000001                 0x08000130   Section        4  entry2.o(.ARM.Collect$$$$00000001)
    .ARM.Collect$$$$00000004                 0x08000134   Section        4  entry5.o(.ARM.Collect$$$$00000004)
    .ARM.Collect$$$$00000008                 0x08000138   Section        0  entry7b.o(.ARM.Collect$$$$00000008)
    .ARM.Collect$$$$0000000A                 0x08000138   Section        0  entry8b.o(.ARM.Collect$$$$0000000A)
    .ARM.Collect$$$$0000000B                 0x08000138   Section        8  entry9a.o(.ARM.Collect$$$$0000000B)
    .ARM.Collect$$$$0000000E                 0x08000140   Section        4  entry12b.o(.ARM.Collect$$$$0000000E)
    .ARM.Collect$$$$0000000F                 0x08000144   Section        0  entry10a.o(.ARM.Collect$$$$0000000F)
    .ARM.Collect$$$$00000011                 0x08000144   Section        0  entry11a.o(.ARM.Collect$$$$00000011)
    .ARM.Collect$$$$00002712                 0x08000144   Section        4  entry2.o(.ARM.Collect$$$$00002712)
    __lit__00000000                          0x08000144   Data           4  entry2.o(.ARM.Collect$$$$00002712)
    .emb_text                                0x08000148   Section      150  port.o(.emb_text)
    .text                                    0x080001e0   Section       36  startup_stm32f10x_hd.o(.text)
    .text                                    0x08000204   Section        0  system_stm32f10x.o(.text)
    SetSysClockTo72                          0x08000205   Thumb Code   160  system_stm32f10x.o(.text)
    .text                                    0x0800035c   Section        0  misc.o(.text)
    .text                                    0x0800040c   Section        0  stm32f10x_dma.o(.text)
    .text                                    0x080005d4   Section        0  stm32f10x_gpio.o(.text)
    .text                                    0x08000838   Section        0  stm32f10x_rcc.o(.text)
    .text                                    0x08000af0   Section        0  stm32f10x_usart.o(.text)
    .text                                    0x08000e18   Section        0  main.o(.text)
    ESP_Task                                 0x08000e19   Thumb Code    76  main.o(.text)
    KEY_Task                                 0x08000e65   Thumb Code    58  main.o(.text)
    AppTaskCreate                            0x08000e9f   Thumb Code   132  main.o(.text)
    .text                                    0x08001060   Section        0  stm32f10x_it.o(.text)
    .text                                    0x08001138   Section        0  bsp_led.o(.text)
    .text                                    0x08001198   Section        0  bsp_usart.o(.text)
    .text                                    0x080013d8   Section        0  bsp_esp8266_1.o(.text)
    ESP8266_USART_Config                     0x08001aef   Thumb Code   174  bsp_esp8266_1.o(.text)
    .text                                    0x08001c68   Section        0  bsp_esp8266_test.o(.text)
    .text                                    0x08001fb8   Section        0  list.o(.text)
    .text                                    0x08002040   Section        0  queue.o(.text)
    prvUnlockQueue                           0x08002105   Thumb Code   106  queue.o(.text)
    prvCopyDataToQueue                       0x0800216f   Thumb Code    90  queue.o(.text)
    prvCopyDataFromQueue                     0x08002485   Thumb Code    38  queue.o(.text)
    prvIsQueueEmpty                          0x08002835   Thumb Code    26  queue.o(.text)
    .text                                    0x08002858   Section        0  tasks.o(.text)
    prvAddNewTaskToReadyList                 0x08002859   Thumb Code   190  tasks.o(.text)
    prvAddCurrentTaskToDelayedList           0x08002b77   Thumb Code   102  tasks.o(.text)
    prvTaskIsTaskSuspended                   0x08002f23   Thumb Code    48  tasks.o(.text)
    prvIdleTask                              0x08003045   Thumb Code    30  tasks.o(.text)
    prvInitialiseNewTask                     0x080036ad   Thumb Code   136  tasks.o(.text)
    prvResetNextTaskUnblockTime              0x08003735   Thumb Code    26  tasks.o(.text)
    prvDeleteTCB                             0x0800374f   Thumb Code    20  tasks.o(.text)
    prvCheckTasksWaitingTermination          0x08003763   Thumb Code    76  tasks.o(.text)
    .text                                    0x080037ec   Section        0  heap_4.o(.text)
    prvInsertBlockIntoFreeList               0x080037ed   Thumb Code    72  heap_4.o(.text)
    prvHeapInit                              0x0800397d   Thumb Code    66  heap_4.o(.text)
    .text                                    0x08003a00   Section        0  port.o(.text)
    prvTaskExitError                         0x08003a01   Thumb Code    34  port.o(.text)
    .text                                    0x08003bf4   Section        0  memcpya.o(.text)
    .text                                    0x08003c18   Section        0  memseta.o(.text)
    .text                                    0x08003c3c   Section        0  strstr.o(.text)
    .text                                    0x08003c60   Section        0  uidiv.o(.text)
    .text                                    0x08003c8c   Section       36  init.o(.text)
    i.__0printf$3                            0x08003cb0   Section        0  printf3.o(i.__0printf$3)
    i.__0sprintf$3                           0x08003cd0   Section        0  printf3.o(i.__0sprintf$3)
    i.__scatterload_copy                     0x08003cf8   Section       14  handlers.o(i.__scatterload_copy)
    i.__scatterload_null                     0x08003d06   Section        2  handlers.o(i.__scatterload_null)
    i.__scatterload_zeroinit                 0x08003d08   Section       14  handlers.o(i.__scatterload_zeroinit)
    i._printf_core                           0x08003d18   Section        0  printf3.o(i._printf_core)
    _printf_core                             0x08003d19   Thumb Code   436  printf3.o(i._printf_core)
    i._sputc                                 0x08003ed0   Section        0  printf3.o(i._sputc)
    _sputc                                   0x08003ed1   Thumb Code    10  printf3.o(i._sputc)
    .conststring                             0x08003edc   Section       91  bsp_esp8266_test.o(.conststring)
    .data                                    0x20000000   Section       20  system_stm32f10x.o(.data)
    .data                                    0x20000014   Section       20  stm32f10x_rcc.o(.data)
    ADCPrescTable                            0x20000014   Data           4  stm32f10x_rcc.o(.data)
    APBAHBPrescTable                         0x20000018   Data          16  stm32f10x_rcc.o(.data)
    .data                                    0x20000028   Section       20  main.o(.data)
    AppTaskCreate_Handle                     0x20000028   Data           4  main.o(.data)
    KEY_Task_Handle                          0x2000002c   Data           4  main.o(.data)
    ESP_Task_Handle                          0x20000030   Data           4  main.o(.data)
    .data                                    0x2000003c   Section       36  bsp_esp8266_test.o(.data)
    .data                                    0x20000060   Section       60  tasks.o(.data)
    uxDeletedTasksWaitingCleanUp             0x20000064   Data           4  tasks.o(.data)
    uxCurrentNumberOfTasks                   0x20000068   Data           4  tasks.o(.data)
    xTickCount                               0x2000006c   Data           4  tasks.o(.data)
    uxTopReadyPriority                       0x20000070   Data           4  tasks.o(.data)
    xSchedulerRunning                        0x20000074   Data           4  tasks.o(.data)
    uxPendedTicks                            0x20000078   Data           4  tasks.o(.data)
    xYieldPending                            0x2000007c   Data           4  tasks.o(.data)
    xNumOfOverflows                          0x20000080   Data           4  tasks.o(.data)
    uxTaskNumber                             0x20000084   Data           4  tasks.o(.data)
    xNextTaskUnblockTime                     0x20000088   Data           4  tasks.o(.data)
    xIdleTaskHandle                          0x2000008c   Data           4  tasks.o(.data)
    uxSchedulerSuspended                     0x20000090   Data           4  tasks.o(.data)
    pxDelayedTaskList                        0x20000094   Data           4  tasks.o(.data)
    pxOverflowDelayedTaskList                0x20000098   Data           4  tasks.o(.data)
    .data                                    0x2000009c   Section       24  heap_4.o(.data)
    pxEnd                                    0x2000009c   Data           4  heap_4.o(.data)
    xFreeBytesRemaining                      0x200000a0   Data           4  heap_4.o(.data)
    xMinimumEverFreeBytesRemaining           0x200000a4   Data           4  heap_4.o(.data)
    xBlockAllocatedBit                       0x200000a8   Data           4  heap_4.o(.data)
    xStart                                   0x200000ac   Data           8  heap_4.o(.data)
    .data                                    0x200000b4   Section       12  port.o(.data)
    ucMaxSysCallPriority                     0x200000b4   Data           1  port.o(.data)
    uxCriticalNesting                        0x200000b8   Data           4  port.o(.data)
    ulMaxPRIGROUPValue                       0x200000bc   Data           4  port.o(.data)
    .data                                    0x200000c0   Section        4  stdout.o(.data)
    .bss                                     0x200000c4   Section     1000  bsp_usart.o(.bss)
    .bss                                     0x200004ac   Section     1026  bsp_esp8266_1.o(.bss)
    .bss                                     0x200008ae   Section     1026  bsp_esp8266_1.o(.bss)
    .bss                                     0x20000cb0   Section       80  queue.o(.bss)
    .bss                                     0x20000d00   Section      740  tasks.o(.bss)
    pxReadyTasksLists                        0x20000d00   Data         640  tasks.o(.bss)
    xDelayedTaskList1                        0x20000f80   Data          20  tasks.o(.bss)
    xDelayedTaskList2                        0x20000f94   Data          20  tasks.o(.bss)
    xPendingReadyList                        0x20000fa8   Data          20  tasks.o(.bss)
    xTasksWaitingTermination                 0x20000fbc   Data          20  tasks.o(.bss)
    xSuspendedTaskList                       0x20000fd0   Data          20  tasks.o(.bss)
    .bss                                     0x20000fe4   Section    36864  heap_4.o(.bss)
    ucHeap                                   0x20000fe4   Data       36864  heap_4.o(.bss)
    STACK                                    0x20009fe8   Section     1024  startup_stm32f10x_hd.o(STACK)

    Global Symbols

    Symbol Name                              Value     Ov Type        Size  Object(Section)

    BuildAttributes$$THM_ISAv4$P$D$K$B$S$PE$A:L22UL41UL21$X:L11$S22US41US21$IEEE1$IW$USESV6$~STKCKD$USESV7$~SHL$OSPACE$ROPI$EBA8$MICROLIB$REQ8$PRES8$EABIv2 0x00000000   Number         0  anon$$obj.o ABSOLUTE
    __ARM_use_no_argv                        0x00000000   Number         0  main.o ABSOLUTE
    _printf_a                                0x00000000   Number         0  stubs.o ABSOLUTE
    _printf_c                                0x00000000   Number         0  stubs.o ABSOLUTE
    _printf_charcount                        0x00000000   Number         0  stubs.o ABSOLUTE
    _printf_d                                0x00000000   Number         0  stubs.o ABSOLUTE
    _printf_e                                0x00000000   Number         0  stubs.o ABSOLUTE
    _printf_f                                0x00000000   Number         0  stubs.o ABSOLUTE
    _printf_flags                            0x00000000   Number         0  stubs.o ABSOLUTE
    _printf_fp_dec                           0x00000000   Number         0  stubs.o ABSOLUTE
    _printf_fp_hex                           0x00000000   Number         0  stubs.o ABSOLUTE
    _printf_g                                0x00000000   Number         0  stubs.o ABSOLUTE
    _printf_i                                0x00000000   Number         0  stubs.o ABSOLUTE
    _printf_int_dec                          0x00000000   Number         0  stubs.o ABSOLUTE
    _printf_l                                0x00000000   Number         0  stubs.o ABSOLUTE
    _printf_lc                               0x00000000   Number         0  stubs.o ABSOLUTE
    _printf_ll                               0x00000000   Number         0  stubs.o ABSOLUTE
    _printf_lld                              0x00000000   Number         0  stubs.o ABSOLUTE
    _printf_lli                              0x00000000   Number         0  stubs.o ABSOLUTE
    _printf_llo                              0x00000000   Number         0  stubs.o ABSOLUTE
    _printf_llu                              0x00000000   Number         0  stubs.o ABSOLUTE
    _printf_llx                              0x00000000   Number         0  stubs.o ABSOLUTE
    _printf_longlong_dec                     0x00000000   Number         0  stubs.o ABSOLUTE
    _printf_longlong_hex                     0x00000000   Number         0  stubs.o ABSOLUTE
    _printf_longlong_oct                     0x00000000   Number         0  stubs.o ABSOLUTE
    _printf_ls                               0x00000000   Number         0  stubs.o ABSOLUTE
    _printf_mbtowc                           0x00000000   Number         0  stubs.o ABSOLUTE
    _printf_n                                0x00000000   Number         0  stubs.o ABSOLUTE
    _printf_o                                0x00000000   Number         0  stubs.o ABSOLUTE
    _printf_p                                0x00000000   Number         0  stubs.o ABSOLUTE
    _printf_percent                          0x00000000   Number         0  stubs.o ABSOLUTE
    _printf_pre_padding                      0x00000000   Number         0  stubs.o ABSOLUTE
    _printf_return_value                     0x00000000   Number         0  stubs.o ABSOLUTE
    _printf_s                                0x00000000   Number         0  stubs.o ABSOLUTE
    _printf_sizespec                         0x00000000   Number         0  stubs.o ABSOLUTE
    _printf_str                              0x00000000   Number         0  stubs.o ABSOLUTE
    _printf_truncate_signed                  0x00000000   Number         0  stubs.o ABSOLUTE
    _printf_truncate_unsigned                0x00000000   Number         0  stubs.o ABSOLUTE
    _printf_u                                0x00000000   Number         0  stubs.o ABSOLUTE
    _printf_wc                               0x00000000   Number         0  stubs.o ABSOLUTE
    _printf_wctomb                           0x00000000   Number         0  stubs.o ABSOLUTE
    _printf_widthprec                        0x00000000   Number         0  stubs.o ABSOLUTE
    _printf_x                                0x00000000   Number         0  stubs.o ABSOLUTE
    __arm_fini_                               - Undefined Weak Reference
    __cpp_initialize__aeabi_                  - Undefined Weak Reference
    __cxa_finalize                            - Undefined Weak Reference
    __decompress                              - Undefined Weak Reference
    _clock_init                               - Undefined Weak Reference
    _microlib_exit                            - Undefined Weak Reference
    __Vectors_Size                           0x00000130   Number         0  startup_stm32f10x_hd.o ABSOLUTE
    __Vectors                                0x08000000   Data           4  startup_stm32f10x_hd.o(RESET)
    __Vectors_End                            0x08000130   Data           0  startup_stm32f10x_hd.o(RESET)
    __main                                   0x08000131   Thumb Code     0  entry.o(.ARM.Collect$$$$00000000)
    _main_stk                                0x08000131   Thumb Code     0  entry2.o(.ARM.Collect$$$$00000001)
    _main_scatterload                        0x08000135   Thumb Code     0  entry5.o(.ARM.Collect$$$$00000004)
    __main_after_scatterload                 0x08000139   Thumb Code     0  entry5.o(.ARM.Collect$$$$00000004)
    _main_clock                              0x08000139   Thumb Code     0  entry7b.o(.ARM.Collect$$$$00000008)
    _main_cpp_init                           0x08000139   Thumb Code     0  entry8b.o(.ARM.Collect$$$$0000000A)
    _main_init                               0x08000139   Thumb Code     0  entry9a.o(.ARM.Collect$$$$0000000B)
    __rt_lib_shutdown_fini                   0x08000141   Thumb Code     0  entry12b.o(.ARM.Collect$$$$0000000E)
    __rt_final_cpp                           0x08000145   Thumb Code     0  entry10a.o(.ARM.Collect$$$$0000000F)
    __rt_final_exit                          0x08000145   Thumb Code     0  entry11a.o(.ARM.Collect$$$$00000011)
    SVC_Handler                              0x08000149   Thumb Code    32  port.o(.emb_text)
    __asm___6_port_c_39a90d8d__prvStartFirstTask 0x0800016d   Thumb Code    28  port.o(.emb_text)
    PendSV_Handler                           0x0800018d   Thumb Code    72  port.o(.emb_text)
    vPortGetIPSR                             0x080001d9   Thumb Code     6  port.o(.emb_text)
    Reset_Handler                            0x080001e1   Thumb Code     8  startup_stm32f10x_hd.o(.text)
    NMI_Handler                              0x080001e9   Thumb Code     2  startup_stm32f10x_hd.o(.text)
    HardFault_Handler                        0x080001eb   Thumb Code     2  startup_stm32f10x_hd.o(.text)
    MemManage_Handler                        0x080001ed   Thumb Code     2  startup_stm32f10x_hd.o(.text)
    BusFault_Handler                         0x080001ef   Thumb Code     2  startup_stm32f10x_hd.o(.text)
    UsageFault_Handler                       0x080001f1   Thumb Code     2  startup_stm32f10x_hd.o(.text)
    DebugMon_Handler                         0x080001f5   Thumb Code     2  startup_stm32f10x_hd.o(.text)
    ADC1_2_IRQHandler                        0x080001fb   Thumb Code     0  startup_stm32f10x_hd.o(.text)
    ADC3_IRQHandler                          0x080001fb   Thumb Code     0  startup_stm32f10x_hd.o(.text)
    CAN1_RX1_IRQHandler                      0x080001fb   Thumb Code     0  startup_stm32f10x_hd.o(.text)
    CAN1_SCE_IRQHandler                      0x080001fb   Thumb Code     0  startup_stm32f10x_hd.o(.text)
    DMA1_Channel1_IRQHandler                 0x080001fb   Thumb Code     0  startup_stm32f10x_hd.o(.text)
    DMA1_Channel2_IRQHandler                 0x080001fb   Thumb Code     0  startup_stm32f10x_hd.o(.text)
    DMA1_Channel3_IRQHandler                 0x080001fb   Thumb Code     0  startup_stm32f10x_hd.o(.text)
    DMA1_Channel4_IRQHandler                 0x080001fb   Thumb Code     0  startup_stm32f10x_hd.o(.text)
    DMA1_Channel5_IRQHandler                 0x080001fb   Thumb Code     0  startup_stm32f10x_hd.o(.text)
    DMA1_Channel6_IRQHandler                 0x080001fb   Thumb Code     0  startup_stm32f10x_hd.o(.text)
    DMA1_Channel7_IRQHandler                 0x080001fb   Thumb Code     0  startup_stm32f10x_hd.o(.text)
    DMA2_Channel1_IRQHandler                 0x080001fb   Thumb Code     0  startup_stm32f10x_hd.o(.text)
    DMA2_Channel2_IRQHandler                 0x080001fb   Thumb Code     0  startup_stm32f10x_hd.o(.text)
    DMA2_Channel3_IRQHandler                 0x080001fb   Thumb Code     0  startup_stm32f10x_hd.o(.text)
    DMA2_Channel4_5_IRQHandler               0x080001fb   Thumb Code     0  startup_stm32f10x_hd.o(.text)
    EXTI0_IRQHandler                         0x080001fb   Thumb Code     0  startup_stm32f10x_hd.o(.text)
    EXTI15_10_IRQHandler                     0x080001fb   Thumb Code     0  startup_stm32f10x_hd.o(.text)
    EXTI1_IRQHandler                         0x080001fb   Thumb Code     0  startup_stm32f10x_hd.o(.text)
    EXTI2_IRQHandler                         0x080001fb   Thumb Code     0  startup_stm32f10x_hd.o(.text)
    EXTI3_IRQHandler                         0x080001fb   Thumb Code     0  startup_stm32f10x_hd.o(.text)
    EXTI4_IRQHandler                         0x080001fb   Thumb Code     0  startup_stm32f10x_hd.o(.text)
    EXTI9_5_IRQHandler                       0x080001fb   Thumb Code     0  startup_stm32f10x_hd.o(.text)
    FLASH_IRQHandler                         0x080001fb   Thumb Code     0  startup_stm32f10x_hd.o(.text)
    FSMC_IRQHandler                          0x080001fb   Thumb Code     0  startup_stm32f10x_hd.o(.text)
    I2C1_ER_IRQHandler                       0x080001fb   Thumb Code     0  startup_stm32f10x_hd.o(.text)
    I2C1_EV_IRQHandler                       0x080001fb   Thumb Code     0  startup_stm32f10x_hd.o(.text)
    I2C2_ER_IRQHandler                       0x080001fb   Thumb Code     0  startup_stm32f10x_hd.o(.text)
    I2C2_EV_IRQHandler                       0x080001fb   Thumb Code     0  startup_stm32f10x_hd.o(.text)
    PVD_IRQHandler                           0x080001fb   Thumb Code     0  startup_stm32f10x_hd.o(.text)
    RCC_IRQHandler                           0x080001fb   Thumb Code     0  startup_stm32f10x_hd.o(.text)
    RTCAlarm_IRQHandler                      0x080001fb   Thumb Code     0  startup_stm32f10x_hd.o(.text)
    RTC_IRQHandler                           0x080001fb   Thumb Code     0  startup_stm32f10x_hd.o(.text)
    SDIO_IRQHandler                          0x080001fb   Thumb Code     0  startup_stm32f10x_hd.o(.text)
    SPI1_IRQHandler                          0x080001fb   Thumb Code     0  startup_stm32f10x_hd.o(.text)
    SPI2_IRQHandler                          0x080001fb   Thumb Code     0  startup_stm32f10x_hd.o(.text)
    SPI3_IRQHandler                          0x080001fb   Thumb Code     0  startup_stm32f10x_hd.o(.text)
    TAMPER_IRQHandler                        0x080001fb   Thumb Code     0  startup_stm32f10x_hd.o(.text)
    TIM1_BRK_IRQHandler                      0x080001fb   Thumb Code     0  startup_stm32f10x_hd.o(.text)
    TIM1_CC_IRQHandler                       0x080001fb   Thumb Code     0  startup_stm32f10x_hd.o(.text)
    TIM1_TRG_COM_IRQHandler                  0x080001fb   Thumb Code     0  startup_stm32f10x_hd.o(.text)
    TIM1_UP_IRQHandler                       0x080001fb   Thumb Code     0  startup_stm32f10x_hd.o(.text)
    TIM2_IRQHandler                          0x080001fb   Thumb Code     0  startup_stm32f10x_hd.o(.text)
    TIM3_IRQHandler                          0x080001fb   Thumb Code     0  startup_stm32f10x_hd.o(.text)
    TIM4_IRQHandler                          0x080001fb   Thumb Code     0  startup_stm32f10x_hd.o(.text)
    TIM5_IRQHandler                          0x080001fb   Thumb Code     0  startup_stm32f10x_hd.o(.text)
    TIM6_IRQHandler                          0x080001fb   Thumb Code     0  startup_stm32f10x_hd.o(.text)
    TIM7_IRQHandler                          0x080001fb   Thumb Code     0  startup_stm32f10x_hd.o(.text)
    TIM8_BRK_IRQHandler                      0x080001fb   Thumb Code     0  startup_stm32f10x_hd.o(.text)
    TIM8_CC_IRQHandler                       0x080001fb   Thumb Code     0  startup_stm32f10x_hd.o(.text)
    TIM8_TRG_COM_IRQHandler                  0x080001fb   Thumb Code     0  startup_stm32f10x_hd.o(.text)
    TIM8_UP_IRQHandler                       0x080001fb   Thumb Code     0  startup_stm32f10x_hd.o(.text)
    UART4_IRQHandler                         0x080001fb   Thumb Code     0  startup_stm32f10x_hd.o(.text)
    UART5_IRQHandler                         0x080001fb   Thumb Code     0  startup_stm32f10x_hd.o(.text)
    USART2_IRQHandler                        0x080001fb   Thumb Code     0  startup_stm32f10x_hd.o(.text)
    USBWakeUp_IRQHandler                     0x080001fb   Thumb Code     0  startup_stm32f10x_hd.o(.text)
    USB_HP_CAN1_TX_IRQHandler                0x080001fb   Thumb Code     0  startup_stm32f10x_hd.o(.text)
    USB_LP_CAN1_RX0_IRQHandler               0x080001fb   Thumb Code     0  startup_stm32f10x_hd.o(.text)
    WWDG_IRQHandler                          0x080001fb   Thumb Code     0  startup_stm32f10x_hd.o(.text)
    SystemInit                               0x080002a5   Thumb Code    64  system_stm32f10x.o(.text)
    SystemCoreClockUpdate                    0x080002e5   Thumb Code    86  system_stm32f10x.o(.text)
    NVIC_PriorityGroupConfig                 0x0800035d   Thumb Code    10  misc.o(.text)
    NVIC_Init                                0x08000367   Thumb Code    94  misc.o(.text)
    NVIC_SetVectorTable                      0x080003c5   Thumb Code    14  misc.o(.text)
    NVIC_SystemLPConfig                      0x080003d3   Thumb Code    20  misc.o(.text)
    SysTick_CLKSourceConfig                  0x080003e7   Thumb Code    24  misc.o(.text)
    DMA_DeInit                               0x0800040d   Thumb Code   218  stm32f10x_dma.o(.text)
    DMA_Init                                 0x080004e7   Thumb Code    58  stm32f10x_dma.o(.text)
    DMA_StructInit                           0x08000521   Thumb Code    26  stm32f10x_dma.o(.text)
    DMA_Cmd                                  0x0800053b   Thumb Code    22  stm32f10x_dma.o(.text)
    DMA_ITConfig                             0x08000551   Thumb Code    16  stm32f10x_dma.o(.text)
    DMA_SetCurrDataCounter                   0x08000561   Thumb Code     4  stm32f10x_dma.o(.text)
    DMA_GetCurrDataCounter                   0x08000565   Thumb Code     6  stm32f10x_dma.o(.text)
    DMA_GetFlagStatus                        0x0800056b   Thumb Code    28  stm32f10x_dma.o(.text)
    DMA_ClearFlag                            0x08000587   Thumb Code    20  stm32f10x_dma.o(.text)
    DMA_GetITStatus                          0x0800059b   Thumb Code    28  stm32f10x_dma.o(.text)
    DMA_ClearITPendingBit                    0x080005b7   Thumb Code    20  stm32f10x_dma.o(.text)
    GPIO_DeInit                              0x080005d5   Thumb Code   152  stm32f10x_gpio.o(.text)
    GPIO_AFIODeInit                          0x0800066d   Thumb Code    22  stm32f10x_gpio.o(.text)
    GPIO_Init                                0x08000683   Thumb Code   156  stm32f10x_gpio.o(.text)
    GPIO_StructInit                          0x0800071f   Thumb Code    16  stm32f10x_gpio.o(.text)
    GPIO_ReadInputDataBit                    0x0800072f   Thumb Code    14  stm32f10x_gpio.o(.text)
    GPIO_ReadInputData                       0x0800073d   Thumb Code     6  stm32f10x_gpio.o(.text)
    GPIO_ReadOutputDataBit                   0x08000743   Thumb Code    14  stm32f10x_gpio.o(.text)
    GPIO_ReadOutputData                      0x08000751   Thumb Code     6  stm32f10x_gpio.o(.text)
    GPIO_SetBits                             0x08000757   Thumb Code     4  stm32f10x_gpio.o(.text)
    GPIO_ResetBits                           0x0800075b   Thumb Code     4  stm32f10x_gpio.o(.text)
    GPIO_WriteBit                            0x0800075f   Thumb Code    10  stm32f10x_gpio.o(.text)
    GPIO_Write                               0x08000769   Thumb Code     4  stm32f10x_gpio.o(.text)
    GPIO_PinLockConfig                       0x0800076d   Thumb Code    16  stm32f10x_gpio.o(.text)
    GPIO_EventOutputConfig                   0x0800077d   Thumb Code    22  stm32f10x_gpio.o(.text)
    GPIO_EventOutputCmd                      0x08000793   Thumb Code     6  stm32f10x_gpio.o(.text)
    GPIO_PinRemapConfig                      0x08000799   Thumb Code    82  stm32f10x_gpio.o(.text)
    GPIO_EXTILineConfig                      0x080007eb   Thumb Code    34  stm32f10x_gpio.o(.text)
    GPIO_ETH_MediaInterfaceConfig            0x0800080d   Thumb Code     8  stm32f10x_gpio.o(.text)
    RCC_DeInit                               0x08000839   Thumb Code    50  stm32f10x_rcc.o(.text)
    RCC_HSEConfig                            0x0800086b   Thumb Code    48  stm32f10x_rcc.o(.text)
    RCC_GetFlagStatus                        0x0800089b   Thumb Code    42  stm32f10x_rcc.o(.text)
    RCC_WaitForHSEStartUp                    0x080008c5   Thumb Code    44  stm32f10x_rcc.o(.text)
    RCC_AdjustHSICalibrationValue            0x080008f1   Thumb Code    16  stm32f10x_rcc.o(.text)
    RCC_HSICmd                               0x08000901   Thumb Code     6  stm32f10x_rcc.o(.text)
    RCC_PLLConfig                            0x08000907   Thumb Code    16  stm32f10x_rcc.o(.text)
    RCC_PLLCmd                               0x08000917   Thumb Code     6  stm32f10x_rcc.o(.text)
    RCC_SYSCLKConfig                         0x0800091d   Thumb Code    14  stm32f10x_rcc.o(.text)
    RCC_GetSYSCLKSource                      0x0800092b   Thumb Code    10  stm32f10x_rcc.o(.text)
    RCC_HCLKConfig                           0x08000935   Thumb Code    14  stm32f10x_rcc.o(.text)
    RCC_PCLK1Config                          0x08000943   Thumb Code    14  stm32f10x_rcc.o(.text)
    RCC_PCLK2Config                          0x08000951   Thumb Code    16  stm32f10x_rcc.o(.text)
    RCC_ITConfig                             0x08000961   Thumb Code    18  stm32f10x_rcc.o(.text)
    RCC_USBCLKConfig                         0x08000973   Thumb Code     8  stm32f10x_rcc.o(.text)
    RCC_ADCCLKConfig                         0x0800097b   Thumb Code    14  stm32f10x_rcc.o(.text)
    RCC_LSEConfig                            0x08000989   Thumb Code    28  stm32f10x_rcc.o(.text)
    RCC_LSICmd                               0x080009a5   Thumb Code     6  stm32f10x_rcc.o(.text)
    RCC_RTCCLKConfig                         0x080009ab   Thumb Code    10  stm32f10x_rcc.o(.text)
    RCC_RTCCLKCmd                            0x080009b5   Thumb Code     8  stm32f10x_rcc.o(.text)
    RCC_GetClocksFreq                        0x080009bd   Thumb Code   132  stm32f10x_rcc.o(.text)
    RCC_AHBPeriphClockCmd                    0x08000a41   Thumb Code    18  stm32f10x_rcc.o(.text)
    RCC_APB2PeriphClockCmd                   0x08000a53   Thumb Code    18  stm32f10x_rcc.o(.text)
    RCC_APB1PeriphClockCmd                   0x08000a65   Thumb Code    18  stm32f10x_rcc.o(.text)
    RCC_APB2PeriphResetCmd                   0x08000a77   Thumb Code    18  stm32f10x_rcc.o(.text)
    RCC_APB1PeriphResetCmd                   0x08000a89   Thumb Code    18  stm32f10x_rcc.o(.text)
    RCC_BackupResetCmd                       0x08000a9b   Thumb Code     8  stm32f10x_rcc.o(.text)
    RCC_ClockSecuritySystemCmd               0x08000aa3   Thumb Code     6  stm32f10x_rcc.o(.text)
    RCC_MCOConfig                            0x08000aa9   Thumb Code     6  stm32f10x_rcc.o(.text)
    RCC_ClearFlag                            0x08000aaf   Thumb Code    12  stm32f10x_rcc.o(.text)
    RCC_GetITStatus                          0x08000abb   Thumb Code    16  stm32f10x_rcc.o(.text)
    RCC_ClearITPendingBit                    0x08000acb   Thumb Code     6  stm32f10x_rcc.o(.text)
    USART_DeInit                             0x08000af1   Thumb Code    96  stm32f10x_usart.o(.text)
    USART_Init                               0x08000b51   Thumb Code   166  stm32f10x_usart.o(.text)
    USART_StructInit                         0x08000bf7   Thumb Code    22  stm32f10x_usart.o(.text)
    USART_ClockInit                          0x08000c0d   Thumb Code    30  stm32f10x_usart.o(.text)
    USART_ClockStructInit                    0x08000c2b   Thumb Code    12  stm32f10x_usart.o(.text)
    USART_Cmd                                0x08000c37   Thumb Code    20  stm32f10x_usart.o(.text)
    USART_ITConfig                           0x08000c4b   Thumb Code    48  stm32f10x_usart.o(.text)
    USART_DMACmd                             0x08000c7b   Thumb Code    16  stm32f10x_usart.o(.text)
    USART_SetAddress                         0x08000c8b   Thumb Code    16  stm32f10x_usart.o(.text)
    USART_WakeUpConfig                       0x08000c9b   Thumb Code    16  stm32f10x_usart.o(.text)
    USART_ReceiverWakeUpCmd                  0x08000cab   Thumb Code    20  stm32f10x_usart.o(.text)
    USART_LINBreakDetectLengthConfig         0x08000cbf   Thumb Code    16  stm32f10x_usart.o(.text)
    USART_LINCmd                             0x08000ccf   Thumb Code    20  stm32f10x_usart.o(.text)
    USART_SendData                           0x08000ce3   Thumb Code     8  stm32f10x_usart.o(.text)
    USART_ReceiveData                        0x08000ceb   Thumb Code     8  stm32f10x_usart.o(.text)
    USART_SendBreak                          0x08000cf3   Thumb Code    10  stm32f10x_usart.o(.text)
    USART_SetGuardTime                       0x08000cfd   Thumb Code    16  stm32f10x_usart.o(.text)
    USART_SetPrescaler                       0x08000d0d   Thumb Code    16  stm32f10x_usart.o(.text)
    USART_SmartCardCmd                       0x08000d1d   Thumb Code    20  stm32f10x_usart.o(.text)
    USART_SmartCardNACKCmd                   0x08000d31   Thumb Code    20  stm32f10x_usart.o(.text)
    USART_HalfDuplexCmd                      0x08000d45   Thumb Code    20  stm32f10x_usart.o(.text)
    USART_OverSampling8Cmd                   0x08000d59   Thumb Code    20  stm32f10x_usart.o(.text)
    USART_OneBitMethodCmd                    0x08000d6d   Thumb Code    20  stm32f10x_usart.o(.text)
    USART_IrDAConfig                         0x08000d81   Thumb Code    16  stm32f10x_usart.o(.text)
    USART_IrDACmd                            0x08000d91   Thumb Code    20  stm32f10x_usart.o(.text)
    USART_GetFlagStatus                      0x08000da5   Thumb Code    14  stm32f10x_usart.o(.text)
    USART_ClearFlag                          0x08000db3   Thumb Code     6  stm32f10x_usart.o(.text)
    USART_GetITStatus                        0x08000db9   Thumb Code    62  stm32f10x_usart.o(.text)
    USART_ClearITPendingBit                  0x08000df7   Thumb Code    12  stm32f10x_usart.o(.text)
    main                                     0x08000f23   Thumb Code    72  main.o(.text)
    SysTick_Handler                          0x08001061   Thumb Code    20  stm32f10x_it.o(.text)
    USART1_IRQHandler                        0x08001075   Thumb Code    50  stm32f10x_it.o(.text)
    USART3_IRQHandler                        0x080010a7   Thumb Code   118  stm32f10x_it.o(.text)
    LED_GPIO_Config                          0x08001139   Thumb Code    92  bsp_led.o(.text)
    USART_Config                             0x08001199   Thumb Code   172  bsp_usart.o(.text)
    USARTx_DMA_Config                        0x08001245   Thumb Code    94  bsp_usart.o(.text)
    Uart_DMA_Rx_Data                         0x080012a3   Thumb Code    72  bsp_usart.o(.text)
    Usart_SendByte                           0x080012eb   Thumb Code    22  bsp_usart.o(.text)
    Usart_SendArray                          0x08001301   Thumb Code    46  bsp_usart.o(.text)
    Usart_SendString                         0x0800132f   Thumb Code    38  bsp_usart.o(.text)
    Usart_SendHalfWord                       0x08001355   Thumb Code    50  bsp_usart.o(.text)
    fputc                                    0x08001387   Thumb Code    30  bsp_usart.o(.text)
    fgetc                                    0x080013a5   Thumb Code    26  bsp_usart.o(.text)
    ESP8266_Init                             0x080013d9   Thumb Code    86  bsp_esp8266_1.o(.text)
    delay_ms                                 0x0800142f   Thumb Code    22  bsp_esp8266_1.o(.text)
    ESP8266_Rst                              0x08001445   Thumb Code    36  bsp_esp8266_1.o(.text)
    USART_printf                             0x08001469   Thumb Code   252  bsp_esp8266_1.o(.text)
    ESP8266_Cmd                              0x08001565   Thumb Code   122  bsp_esp8266_1.o(.text)
    ESP8266_DHCP_CUR                         0x080015df   Thumb Code    30  bsp_esp8266_1.o(.text)
    ESP8266_AT_Test                          0x080015fd   Thumb Code    82  bsp_esp8266_1.o(.text)
    ESP8266_Net_Mode_Choose                  0x0800164f   Thumb Code    42  bsp_esp8266_1.o(.text)
    ESP8266_JoinAP                           0x08001679   Thumb Code    34  bsp_esp8266_1.o(.text)
    ESP8266_BuildAP                          0x0800169b   Thumb Code    34  bsp_esp8266_1.o(.text)
    ESP8266_Enable_MultipleId                0x080016bd   Thumb Code    38  bsp_esp8266_1.o(.text)
    ESP8266_Link_Server                      0x080016e3   Thumb Code    96  bsp_esp8266_1.o(.text)
    ESP8266_StartOrShutServer                0x08001743   Thumb Code    96  bsp_esp8266_1.o(.text)
    ESP8266_Get_LinkStatus                   0x080017a3   Thumb Code   458  bsp_esp8266_1.o(.text)
    ESP8266_Get_IdLinkStatus                 0x0800196d   Thumb Code    98  bsp_esp8266_1.o(.text)
    ESP8266_Inquire_ApIp                     0x080019cf   Thumb Code    66  bsp_esp8266_1.o(.text)
    ESP8266_UnvarnishSend                    0x08001a11   Thumb Code    42  bsp_esp8266_1.o(.text)
    ESP8266_ExitUnvarnishSend                0x08001a3b   Thumb Code    28  bsp_esp8266_1.o(.text)
    ESP8266_SendString                       0x08001a57   Thumb Code    84  bsp_esp8266_1.o(.text)
    ESP8266_ReceiveString                    0x08001aab   Thumb Code    68  bsp_esp8266_1.o(.text)
    Get_ESP82666_Cmd                         0x08001c69   Thumb Code    98  bsp_esp8266_test.o(.text)
    ESP8266_StaTcpClient_Unvarnish_ConfigTest 0x08001ccb   Thumb Code   144  bsp_esp8266_test.o(.text)
    ESP8266_CheckRecvDataTest                0x08001d5b   Thumb Code   242  bsp_esp8266_test.o(.text)
    vListInitialise                          0x08001fb9   Thumb Code    22  list.o(.text)
    vListInitialiseItem                      0x08001fcf   Thumb Code     6  list.o(.text)
    vListInsertEnd                           0x08001fd5   Thumb Code    24  list.o(.text)
    vListInsert                              0x08001fed   Thumb Code    48  list.o(.text)
    uxListRemove                             0x0800201d   Thumb Code    36  list.o(.text)
    xQueueGenericReset                       0x08002041   Thumb Code   128  queue.o(.text)
    xQueueGenericCreate                      0x080020c1   Thumb Code    68  queue.o(.text)
    xQueueGenericSend                        0x080021c9   Thumb Code   332  queue.o(.text)
    xQueueGenericSendFromISR                 0x08002315   Thumb Code   174  queue.o(.text)
    xQueueGiveFromISR                        0x080023c3   Thumb Code   194  queue.o(.text)
    xQueueGenericReceive                     0x080024ab   Thumb Code   328  queue.o(.text)
    xQueueReceiveFromISR                     0x080025f3   Thumb Code   150  queue.o(.text)
    xQueuePeekFromISR                        0x08002689   Thumb Code   114  queue.o(.text)
    uxQueueMessagesWaiting                   0x080026fb   Thumb Code    36  queue.o(.text)
    uxQueueSpacesAvailable                   0x0800271f   Thumb Code    40  queue.o(.text)
    uxQueueMessagesWaitingFromISR            0x08002747   Thumb Code    26  queue.o(.text)
    vQueueUnregisterQueue                    0x08002761   Thumb Code    36  queue.o(.text)
    vQueueDelete                             0x08002785   Thumb Code    38  queue.o(.text)
    xQueueIsQueueEmptyFromISR                0x080027ab   Thumb Code    34  queue.o(.text)
    xQueueIsQueueFullFromISR                 0x080027cd   Thumb Code    38  queue.o(.text)
    vQueueAddToRegistry                      0x080027f3   Thumb Code    32  queue.o(.text)
    pcQueueGetName                           0x08002813   Thumb Code    34  queue.o(.text)
    xTaskCreate                              0x08002917   Thumb Code    86  tasks.o(.text)
    vTaskDelete                              0x0800296d   Thumb Code   154  tasks.o(.text)
    xTaskIncrementTick                       0x08002a07   Thumb Code   186  tasks.o(.text)
    xTaskResumeAll                           0x08002ac1   Thumb Code   182  tasks.o(.text)
    vTaskSuspendAll                          0x08002bdd   Thumb Code    10  tasks.o(.text)
    vTaskDelayUntil                          0x08002be7   Thumb Code   188  tasks.o(.text)
    vTaskDelay                               0x08002ca3   Thumb Code    66  tasks.o(.text)
    eTaskGetState                            0x08002ce5   Thumb Code    94  tasks.o(.text)
    uxTaskPriorityGet                        0x08002d43   Thumb Code    24  tasks.o(.text)
    uxTaskPriorityGetFromISR                 0x08002d5b   Thumb Code    40  tasks.o(.text)
    vTaskPrioritySet                         0x08002d83   Thumb Code   176  tasks.o(.text)
    vTaskSwitchContext                       0x08002e33   Thumb Code    84  tasks.o(.text)
    vTaskSuspend                             0x08002e87   Thumb Code   156  tasks.o(.text)
    vTaskResume                              0x08002f53   Thumb Code   116  tasks.o(.text)
    xTaskResumeFromISR                       0x08002fc7   Thumb Code   126  tasks.o(.text)
    vTaskStartScheduler                      0x08003063   Thumb Code   122  tasks.o(.text)
    vTaskEndScheduler                        0x080030dd   Thumb Code    24  tasks.o(.text)
    xTaskGetTickCount                        0x080030f5   Thumb Code     6  tasks.o(.text)
    xTaskGetTickCountFromISR                 0x080030fb   Thumb Code    12  tasks.o(.text)
    uxTaskGetNumberOfTasks                   0x08003107   Thumb Code     6  tasks.o(.text)
    pcTaskGetName                            0x0800310d   Thumb Code    38  tasks.o(.text)
    vTaskPlaceOnEventList                    0x08003133   Thumb Code    46  tasks.o(.text)
    vTaskPlaceOnUnorderedEventList           0x08003161   Thumb Code    78  tasks.o(.text)
    xTaskRemoveFromEventList                 0x080031af   Thumb Code   104  tasks.o(.text)
    xTaskRemoveFromUnorderedEventList        0x08003217   Thumb Code   116  tasks.o(.text)
    vTaskSetTimeOutState                     0x0800328b   Thumb Code    34  tasks.o(.text)
    xTaskCheckForTimeOut                     0x080032ad   Thumb Code   102  tasks.o(.text)
    vTaskMissedYield                         0x08003313   Thumb Code     8  tasks.o(.text)
    xTaskGetSchedulerState                   0x0800331b   Thumb Code    22  tasks.o(.text)
    uxTaskResetEventItemValue                0x08003331   Thumb Code    20  tasks.o(.text)
    ulTaskNotifyTake                         0x08003345   Thumb Code    96  tasks.o(.text)
    xTaskNotifyWait                          0x080033a5   Thumb Code   128  tasks.o(.text)
    xTaskGenericNotify                       0x08003425   Thumb Code   208  tasks.o(.text)
    xTaskGenericNotifyFromISR                0x080034f5   Thumb Code   228  tasks.o(.text)
    vTaskNotifyGiveFromISR                   0x080035d9   Thumb Code   168  tasks.o(.text)
    xTaskNotifyStateClear                    0x08003681   Thumb Code    44  tasks.o(.text)
    pvPortMalloc                             0x08003835   Thumb Code   214  heap_4.o(.text)
    vPortFree                                0x0800390b   Thumb Code    96  heap_4.o(.text)
    xPortGetFreeHeapSize                     0x0800396b   Thumb Code     8  heap_4.o(.text)
    xPortGetMinimumEverFreeHeapSize          0x08003973   Thumb Code     8  heap_4.o(.text)
    vPortInitialiseBlocks                    0x0800397b   Thumb Code     2  heap_4.o(.text)
    pxPortInitialiseStack                    0x08003a23   Thumb Code    32  port.o(.text)
    vPortSetupTimerInterrupt                 0x08003a43   Thumb Code    26  port.o(.text)
    xPortStartScheduler                      0x08003a5d   Thumb Code   108  port.o(.text)
    vPortEndScheduler                        0x08003ac9   Thumb Code    24  port.o(.text)
    vPortEnterCritical                       0x08003ae1   Thumb Code    52  port.o(.text)
    vPortExitCritical                        0x08003b15   Thumb Code    34  port.o(.text)
    xPortSysTickHandler                      0x08003b37   Thumb Code    40  port.o(.text)
    vPortValidateInterruptPriority           0x08003b5f   Thumb Code    72  port.o(.text)
    __aeabi_memcpy                           0x08003bf5   Thumb Code    36  memcpya.o(.text)
    __aeabi_memcpy4                          0x08003bf5   Thumb Code     0  memcpya.o(.text)
    __aeabi_memcpy8                          0x08003bf5   Thumb Code     0  memcpya.o(.text)
    __aeabi_memset                           0x08003c19   Thumb Code    14  memseta.o(.text)
    __aeabi_memset4                          0x08003c19   Thumb Code     0  memseta.o(.text)
    __aeabi_memset8                          0x08003c19   Thumb Code     0  memseta.o(.text)
    __aeabi_memclr                           0x08003c27   Thumb Code     4  memseta.o(.text)
    __aeabi_memclr4                          0x08003c27   Thumb Code     0  memseta.o(.text)
    __aeabi_memclr8                          0x08003c27   Thumb Code     0  memseta.o(.text)
    _memset$wrapper                          0x08003c2b   Thumb Code    18  memseta.o(.text)
    strstr                                   0x08003c3d   Thumb Code    36  strstr.o(.text)
    __aeabi_uidiv                            0x08003c61   Thumb Code     0  uidiv.o(.text)
    __aeabi_uidivmod                         0x08003c61   Thumb Code    44  uidiv.o(.text)
    __scatterload                            0x08003c8d   Thumb Code    28  init.o(.text)
    __scatterload_rt2                        0x08003c8d   Thumb Code     0  init.o(.text)
    __0printf$3                              0x08003cb1   Thumb Code    22  printf3.o(i.__0printf$3)
    __1printf$3                              0x08003cb1   Thumb Code     0  printf3.o(i.__0printf$3)
    __2printf                                0x08003cb1   Thumb Code     0  printf3.o(i.__0printf$3)
    __0sprintf$3                             0x08003cd1   Thumb Code    34  printf3.o(i.__0sprintf$3)
    __1sprintf$3                             0x08003cd1   Thumb Code     0  printf3.o(i.__0sprintf$3)
    __2sprintf                               0x08003cd1   Thumb Code     0  printf3.o(i.__0sprintf$3)
    __scatterload_copy                       0x08003cf9   Thumb Code    14  handlers.o(i.__scatterload_copy)
    __scatterload_null                       0x08003d07   Thumb Code     2  handlers.o(i.__scatterload_null)
    __scatterload_zeroinit                   0x08003d09   Thumb Code    14  handlers.o(i.__scatterload_zeroinit)
    Region$$Table$$Base                      0x08003f38   Number         0  anon$$obj.o(Region$$Table)
    Region$$Table$$Limit                     0x08003f58   Number         0  anon$$obj.o(Region$$Table)
    SystemCoreClock                          0x20000000   Data           4  system_stm32f10x.o(.data)
    AHBPrescTable                            0x20000004   Data          16  system_stm32f10x.o(.data)
    BinarySem_Handle                         0x20000034   Data           4  main.o(.data)
    BinarySem_Handle_2                       0x20000038   Data           4  main.o(.data)
    ucTcpClosedFlag                          0x2000003c   Data           1  bsp_esp8266_test.o(.data)
    ledCmd                                   0x20000040   Data          32  bsp_esp8266_test.o(.data)
    pxCurrentTCB                             0x20000060   Data           4  tasks.o(.data)
    __stdout                                 0x200000c0   Data           4  stdout.o(.data)
    Usart_Rx_Buf                             0x200000c4   Data        1000  bsp_usart.o(.bss)
    strEsp8266_Fram_Record                   0x200004ac   Data        1026  bsp_esp8266_1.o(.bss)
    strUSART_Fram_Record                     0x200008ae   Data        1026  bsp_esp8266_1.o(.bss)
    xQueueRegistry                           0x20000cb0   Data          80  queue.o(.bss)
    __initial_sp                             0x2000a3e8   Data           0  startup_stm32f10x_hd.o(STACK)



==============================================================================

Memory Map of the image

  Image Entry point : 0x08000131

  Load Region LR_IROM1 (Base: 0x08000000, Size: 0x0000401c, Max: 0x00080000, ABSOLUTE)

    Execution Region ER_IROM1 (Exec base: 0x08000000, Load base: 0x08000000, Size: 0x00003f58, Max: 0x00080000, ABSOLUTE)

    Exec Addr    Load Addr    Size         Type   Attr      Idx    E Section Name        Object

    0x08000000   0x08000000   0x00000130   Data   RO            3    RESET               startup_stm32f10x_hd.o
    0x08000130   0x08000130   0x00000000   Code   RO          777  * .ARM.Collect$$$$00000000  mc_w.l(entry.o)
    0x08000130   0x08000130   0x00000004   Code   RO         1049    .ARM.Collect$$$$00000001  mc_w.l(entry2.o)
    0x08000134   0x08000134   0x00000004   Code   RO         1052    .ARM.Collect$$$$00000004  mc_w.l(entry5.o)
    0x08000138   0x08000138   0x00000000   Code   RO         1054    .ARM.Collect$$$$00000008  mc_w.l(entry7b.o)
    0x08000138   0x08000138   0x00000000   Code   RO         1056    .ARM.Collect$$$$0000000A  mc_w.l(entry8b.o)
    0x08000138   0x08000138   0x00000008   Code   RO         1057    .ARM.Collect$$$$0000000B  mc_w.l(entry9a.o)
    0x08000140   0x08000140   0x00000004   Code   RO         1064    .ARM.Collect$$$$0000000E  mc_w.l(entry12b.o)
    0x08000144   0x08000144   0x00000000   Code   RO         1059    .ARM.Collect$$$$0000000F  mc_w.l(entry10a.o)
    0x08000144   0x08000144   0x00000000   Code   RO         1061    .ARM.Collect$$$$00000011  mc_w.l(entry11a.o)
    0x08000144   0x08000144   0x00000004   Code   RO         1050    .ARM.Collect$$$$00002712  mc_w.l(entry2.o)
    0x08000148   0x08000148   0x00000096   Code   RO          746    .emb_text           port.o
    0x080001de   0x080001de   0x00000002   PAD
    0x080001e0   0x080001e0   0x00000024   Code   RO            4    .text               startup_stm32f10x_hd.o
    0x08000204   0x08000204   0x00000158   Code   RO           24    .text               system_stm32f10x.o
    0x0800035c   0x0800035c   0x000000b0   Code   RO          121    .text               misc.o
    0x0800040c   0x0800040c   0x000001c8   Code   RO          221    .text               stm32f10x_dma.o
    0x080005d4   0x080005d4   0x00000264   Code   RO          270    .text               stm32f10x_gpio.o
    0x08000838   0x08000838   0x000002b8   Code   RO          318    .text               stm32f10x_rcc.o
    0x08000af0   0x08000af0   0x00000328   Code   RO          382    .text               stm32f10x_usart.o
    0x08000e18   0x08000e18   0x00000248   Code   RO          406    .text               main.o
    0x08001060   0x08001060   0x000000d8   Code   RO          482    .text               stm32f10x_it.o
    0x08001138   0x08001138   0x00000060   Code   RO          510    .text               bsp_led.o
    0x08001198   0x08001198   0x00000240   Code   RO          525    .text               bsp_usart.o
    0x080013d8   0x080013d8   0x00000890   Code   RO          566    .text               bsp_esp8266_1.o
    0x08001c68   0x08001c68   0x00000350   Code   RO          599    .text               bsp_esp8266_test.o
    0x08001fb8   0x08001fb8   0x00000088   Code   RO          662    .text               list.o
    0x08002040   0x08002040   0x00000818   Code   RO          674    .text               queue.o
    0x08002858   0x08002858   0x00000f94   Code   RO          693    .text               tasks.o
    0x080037ec   0x080037ec   0x00000214   Code   RO          731    .text               heap_4.o
    0x08003a00   0x08003a00   0x000001f4   Code   RO          747    .text               port.o
    0x08003bf4   0x08003bf4   0x00000024   Code   RO          780    .text               mc_w.l(memcpya.o)
    0x08003c18   0x08003c18   0x00000024   Code   RO          782    .text               mc_w.l(memseta.o)
    0x08003c3c   0x08003c3c   0x00000024   Code   RO          784    .text               mc_w.l(strstr.o)
    0x08003c60   0x08003c60   0x0000002c   Code   RO         1066    .text               mc_w.l(uidiv.o)
    0x08003c8c   0x08003c8c   0x00000024   Code   RO         1081    .text               mc_w.l(init.o)
    0x08003cb0   0x08003cb0   0x00000020   Code   RO          877    i.__0printf$3       mc_w.l(printf3.o)
    0x08003cd0   0x08003cd0   0x00000028   Code   RO          879    i.__0sprintf$3      mc_w.l(printf3.o)
    0x08003cf8   0x08003cf8   0x0000000e   Code   RO         1093    i.__scatterload_copy  mc_w.l(handlers.o)
    0x08003d06   0x08003d06   0x00000002   Code   RO         1094    i.__scatterload_null  mc_w.l(handlers.o)
    0x08003d08   0x08003d08   0x0000000e   Code   RO         1095    i.__scatterload_zeroinit  mc_w.l(handlers.o)
    0x08003d16   0x08003d16   0x00000002   PAD
    0x08003d18   0x08003d18   0x000001b8   Code   RO          884    i._printf_core      mc_w.l(printf3.o)
    0x08003ed0   0x08003ed0   0x0000000a   Code   RO          886    i._sputc            mc_w.l(printf3.o)
    0x08003eda   0x08003eda   0x00000002   PAD
    0x08003edc   0x08003edc   0x0000005b   Data   RO          600    .conststring        bsp_esp8266_test.o
    0x08003f37   0x08003f37   0x00000001   PAD
    0x08003f38   0x08003f38   0x00000020   Data   RO         1091    Region$$Table       anon$$obj.o


    Execution Region RW_IRAM1 (Exec base: 0x20000000, Load base: 0x08003f58, Size: 0x0000a3e8, Max: 0x00010000, ABSOLUTE)

    Exec Addr    Load Addr    Size         Type   Attr      Idx    E Section Name        Object

    0x20000000   0x08003f58   0x00000014   Data   RW           25    .data               system_stm32f10x.o
    0x20000014   0x08003f6c   0x00000014   Data   RW          319    .data               stm32f10x_rcc.o
    0x20000028   0x08003f80   0x00000014   Data   RW          407    .data               main.o
    0x2000003c   0x08003f94   0x00000024   Data   RW          601    .data               bsp_esp8266_test.o
    0x20000060   0x08003fb8   0x0000003c   Data   RW          695    .data               tasks.o
    0x2000009c   0x08003ff4   0x00000018   Data   RW          733    .data               heap_4.o
    0x200000b4   0x0800400c   0x0000000c   Data   RW          748    .data               port.o
    0x200000c0   0x08004018   0x00000004   Data   RW         1065    .data               mc_w.l(stdout.o)
    0x200000c4        -       0x000003e8   Zero   RW          526    .bss                bsp_usart.o
    0x200004ac        -       0x00000402   Zero   RW          567    .bss                bsp_esp8266_1.o
    0x200008ae        -       0x00000402   Zero   RW          568    .bss                bsp_esp8266_1.o
    0x20000cb0        -       0x00000050   Zero   RW          675    .bss                queue.o
    0x20000d00        -       0x000002e4   Zero   RW          694    .bss                tasks.o
    0x20000fe4        -       0x00009000   Zero   RW          732    .bss                heap_4.o
    0x20009fe4   0x0800401c   0x00000004   PAD
    0x20009fe8        -       0x00000400   Zero   RW            1    STACK               startup_stm32f10x_hd.o


==============================================================================

Image component sizes


      Code (inc. data)   RO Data    RW Data    ZI Data      Debug   Object Name

      2192        596          0          0       2052      11227   bsp_esp8266_1.o
       848        372         91         36          0       2204   bsp_esp8266_test.o
        96          4          0          0          0        526   bsp_led.o
       576         26          0          0       1000       4779   bsp_usart.o
         0          0          0          0          0       4524   core_cm3.o
         0          0          0          0          0       1492   event_groups.o
       532         66          0         24      36864       3424   heap_4.o
       136          0          0          0          0       1850   list.o
       584        246          0         20          0      16500   main.o
       176         14          0          0          0       1917   misc.o
       650         90          0         12          0       7689   port.o
      2072         58          0          0         80      12462   queue.o
        36          8        304          0       1024        856   startup_stm32f10x_hd.o
       456         10          0          0          0       4674   stm32f10x_dma.o
       612         36          0          0          0       6041   stm32f10x_gpio.o
       216         28          0          0          0       9010   stm32f10x_it.o
       696         32          0         20          0       9024   stm32f10x_rcc.o
       808         22          0          0          0       8912   stm32f10x_usart.o
       344         34          0         20          0     239803   system_stm32f10x.o
      3988        178          0         60        740      28774   tasks.o

    ----------------------------------------------------------------------
     15020       1820        428        192      41764     375688   Object Totals
         0          0         32          0          0          0   (incl. Generated)
         2          0          1          0          4          0   (incl. Padding)

    ----------------------------------------------------------------------

      Code (inc. data)   RO Data    RW Data    ZI Data      Debug   Library Member Name

         0          0          0          0          0          0   entry.o
         0          0          0          0          0          0   entry10a.o
         0          0          0          0          0          0   entry11a.o
         4          0          0          0          0          0   entry12b.o
         8          4          0          0          0          0   entry2.o
         4          0          0          0          0          0   entry5.o
         0          0          0          0          0          0   entry7b.o
         0          0          0          0          0          0   entry8b.o
         8          4          0          0          0          0   entry9a.o
        30          0          0          0          0          0   handlers.o
        36          8          0          0          0         68   init.o
        36          0          0          0          0         68   memcpya.o
        36          0          0          0          0        108   memseta.o
       522         20          0          0          0        336   printf3.o
         0          0          0          4          0          0   stdout.o
        36          0          0          0          0         80   strstr.o
        44          0          0          0          0         80   uidiv.o

    ----------------------------------------------------------------------
       768         36          0          4          0        740   Library Totals
         4          0          0          0          0          0   (incl. Padding)

    ----------------------------------------------------------------------

      Code (inc. data)   RO Data    RW Data    ZI Data      Debug   Library Name

       764         36          0          4          0        740   mc_w.l

    ----------------------------------------------------------------------
       768         36          0          4          0        740   Library Totals

    ----------------------------------------------------------------------

==============================================================================


      Code (inc. data)   RO Data    RW Data    ZI Data      Debug   

     15788       1856        428        196      41764     374084   Grand Totals
     15788       1856        428        196      41764     374084   ELF Image Totals
     15788       1856        428        196          0          0   ROM Totals

==============================================================================

    Total RO  Size (Code + RO Data)                16216 (  15.84kB)
    Total RW  Size (RW Data + ZI Data)             41960 (  40.98kB)
    Total ROM Size (Code + RO Data + RW Data)      16412 (  16.03kB)

==============================================================================

